<?xml version="1.0"?>
<link_info>
   <banner>TI ARM Linker PC v16.9.4.LTS</banner>
   <copyright>Copyright (c) 1996-2017 Texas Instruments Incorporated</copyright>
   <link_time>0x64e7b77c</link_time>
   <link_errors>0x0</link_errors>
   <output_file>calculator.out</output_file>
   <entry_point>
      <name>_c_int00</name>
      <address>0x40d1</address>
   </entry_point>
   <input_file_list>
      <input_file id="fl-2">
         <path>.\</path>
         <kind>object</kind>
         <file>DIO.obj</file>
         <name>DIO.obj</name>
      </input_file>
      <input_file id="fl-3">
         <path>.\</path>
         <kind>object</kind>
         <file>EXTI.obj</file>
         <name>EXTI.obj</name>
      </input_file>
      <input_file id="fl-4">
         <path>.\</path>
         <kind>object</kind>
         <file>dynamic_memory.obj</file>
         <name>dynamic_memory.obj</name>
      </input_file>
      <input_file id="fl-5">
         <path>.\</path>
         <kind>object</kind>
         <file>keypad.obj</file>
         <name>keypad.obj</name>
      </input_file>
      <input_file id="fl-6">
         <path>.\</path>
         <kind>object</kind>
         <file>lcd.obj</file>
         <name>lcd.obj</name>
      </input_file>
      <input_file id="fl-7">
         <path>.\</path>
         <kind>object</kind>
         <file>main.obj</file>
         <name>main.obj</name>
      </input_file>
      <input_file id="fl-8">
         <path>.\</path>
         <kind>object</kind>
         <file>tm4c123gh6pm_startup_ccs.obj</file>
         <name>tm4c123gh6pm_startup_ccs.obj</name>
      </input_file>
      <input_file id="fl-c">
         <kind>object</kind>
         <file>&lt;internal&gt;</file>
         <name>&lt;internal&gt;</name>
      </input_file>
      <input_file id="fl-c2">
         <path>C:\ti\ccsv7\tools\compiler\ti-cgt-arm_16.9.4.LTS\lib\</path>
         <kind>archive</kind>
         <file>rtsv7M4_T_le_v4SPD16_eabi.lib</file>
         <name>atoi.obj</name>
      </input_file>
      <input_file id="fl-c3">
         <path>C:\ti\ccsv7\tools\compiler\ti-cgt-arm_16.9.4.LTS\lib\</path>
         <kind>archive</kind>
         <file>rtsv7M4_T_le_v4SPD16_eabi.lib</file>
         <name>boot.obj</name>
      </input_file>
      <input_file id="fl-c4">
         <path>C:\ti\ccsv7\tools\compiler\ti-cgt-arm_16.9.4.LTS\lib\</path>
         <kind>archive</kind>
         <file>rtsv7M4_T_le_v4SPD16_eabi.lib</file>
         <name>copy_decompress_lzss.obj</name>
      </input_file>
      <input_file id="fl-c5">
         <path>C:\ti\ccsv7\tools\compiler\ti-cgt-arm_16.9.4.LTS\lib\</path>
         <kind>archive</kind>
         <file>rtsv7M4_T_le_v4SPD16_eabi.lib</file>
         <name>copy_decompress_none.obj</name>
      </input_file>
      <input_file id="fl-c6">
         <path>C:\ti\ccsv7\tools\compiler\ti-cgt-arm_16.9.4.LTS\lib\</path>
         <kind>archive</kind>
         <file>rtsv7M4_T_le_v4SPD16_eabi.lib</file>
         <name>copy_zero_init.obj</name>
      </input_file>
      <input_file id="fl-c7">
         <path>C:\ti\ccsv7\tools\compiler\ti-cgt-arm_16.9.4.LTS\lib\</path>
         <kind>archive</kind>
         <file>rtsv7M4_T_le_v4SPD16_eabi.lib</file>
         <name>ctype.obj</name>
      </input_file>
      <input_file id="fl-c8">
         <path>C:\ti\ccsv7\tools\compiler\ti-cgt-arm_16.9.4.LTS\lib\</path>
         <kind>archive</kind>
         <file>rtsv7M4_T_le_v4SPD16_eabi.lib</file>
         <name>exit.obj</name>
      </input_file>
      <input_file id="fl-c9">
         <path>C:\ti\ccsv7\tools\compiler\ti-cgt-arm_16.9.4.LTS\lib\</path>
         <kind>archive</kind>
         <file>rtsv7M4_T_le_v4SPD16_eabi.lib</file>
         <name>ltoa.obj</name>
      </input_file>
      <input_file id="fl-ca">
         <path>C:\ti\ccsv7\tools\compiler\ti-cgt-arm_16.9.4.LTS\lib\</path>
         <kind>archive</kind>
         <file>rtsv7M4_T_le_v4SPD16_eabi.lib</file>
         <name>memcpy_t2.obj</name>
      </input_file>
      <input_file id="fl-cb">
         <path>C:\ti\ccsv7\tools\compiler\ti-cgt-arm_16.9.4.LTS\lib\</path>
         <kind>archive</kind>
         <file>rtsv7M4_T_le_v4SPD16_eabi.lib</file>
         <name>memory.obj</name>
      </input_file>
      <input_file id="fl-cc">
         <path>C:\ti\ccsv7\tools\compiler\ti-cgt-arm_16.9.4.LTS\lib\</path>
         <kind>archive</kind>
         <file>rtsv7M4_T_le_v4SPD16_eabi.lib</file>
         <name>memset_t2.obj</name>
      </input_file>
      <input_file id="fl-cd">
         <path>C:\ti\ccsv7\tools\compiler\ti-cgt-arm_16.9.4.LTS\lib\</path>
         <kind>archive</kind>
         <file>rtsv7M4_T_le_v4SPD16_eabi.lib</file>
         <name>mpu_init.obj</name>
      </input_file>
      <input_file id="fl-ce">
         <path>C:\ti\ccsv7\tools\compiler\ti-cgt-arm_16.9.4.LTS\lib\</path>
         <kind>archive</kind>
         <file>rtsv7M4_T_le_v4SPD16_eabi.lib</file>
         <name>pre_init.obj</name>
      </input_file>
      <input_file id="fl-cf">
         <path>C:\ti\ccsv7\tools\compiler\ti-cgt-arm_16.9.4.LTS\lib\</path>
         <kind>archive</kind>
         <file>rtsv7M4_T_le_v4SPD16_eabi.lib</file>
         <name>printf.obj</name>
      </input_file>
      <input_file id="fl-d0">
         <path>C:\ti\ccsv7\tools\compiler\ti-cgt-arm_16.9.4.LTS\lib\</path>
         <kind>archive</kind>
         <file>rtsv7M4_T_le_v4SPD16_eabi.lib</file>
         <name>stkdepth_vars.obj</name>
      </input_file>
      <input_file id="fl-d1">
         <path>C:\ti\ccsv7\tools\compiler\ti-cgt-arm_16.9.4.LTS\lib\</path>
         <kind>archive</kind>
         <file>rtsv7M4_T_le_v4SPD16_eabi.lib</file>
         <name>strcat.obj</name>
      </input_file>
      <input_file id="fl-d2">
         <path>C:\ti\ccsv7\tools\compiler\ti-cgt-arm_16.9.4.LTS\lib\</path>
         <kind>archive</kind>
         <file>rtsv7M4_T_le_v4SPD16_eabi.lib</file>
         <name>_lock.obj</name>
      </input_file>
      <input_file id="fl-d3">
         <path>C:\ti\ccsv7\tools\compiler\ti-cgt-arm_16.9.4.LTS\lib\</path>
         <kind>archive</kind>
         <file>rtsv7M4_T_le_v4SPD16_eabi.lib</file>
         <name>_printfi.obj</name>
      </input_file>
      <input_file id="fl-d4">
         <path>C:\ti\ccsv7\tools\compiler\ti-cgt-arm_16.9.4.LTS\lib\</path>
         <kind>archive</kind>
         <file>rtsv7M4_T_le_v4SPD16_eabi.lib</file>
         <name>args_main.obj</name>
      </input_file>
      <input_file id="fl-d5">
         <path>C:\ti\ccsv7\tools\compiler\ti-cgt-arm_16.9.4.LTS\lib\</path>
         <kind>archive</kind>
         <file>rtsv7M4_T_le_v4SPD16_eabi.lib</file>
         <name>autoinit.obj</name>
      </input_file>
      <input_file id="fl-d6">
         <path>C:\ti\ccsv7\tools\compiler\ti-cgt-arm_16.9.4.LTS\lib\</path>
         <kind>archive</kind>
         <file>rtsv7M4_T_le_v4SPD16_eabi.lib</file>
         <name>cpy_tbl.obj</name>
      </input_file>
      <input_file id="fl-d7">
         <path>C:\ti\ccsv7\tools\compiler\ti-cgt-arm_16.9.4.LTS\lib\</path>
         <kind>archive</kind>
         <file>rtsv7M4_T_le_v4SPD16_eabi.lib</file>
         <name>defs.obj</name>
      </input_file>
      <input_file id="fl-d8">
         <path>C:\ti\ccsv7\tools\compiler\ti-cgt-arm_16.9.4.LTS\lib\</path>
         <kind>archive</kind>
         <file>rtsv7M4_T_le_v4SPD16_eabi.lib</file>
         <name>fd_add_t2.obj</name>
      </input_file>
      <input_file id="fl-d9">
         <path>C:\ti\ccsv7\tools\compiler\ti-cgt-arm_16.9.4.LTS\lib\</path>
         <kind>archive</kind>
         <file>rtsv7M4_T_le_v4SPD16_eabi.lib</file>
         <name>fd_cmp_t2.obj</name>
      </input_file>
      <input_file id="fl-da">
         <path>C:\ti\ccsv7\tools\compiler\ti-cgt-arm_16.9.4.LTS\lib\</path>
         <kind>archive</kind>
         <file>rtsv7M4_T_le_v4SPD16_eabi.lib</file>
         <name>fd_div_t2.obj</name>
      </input_file>
      <input_file id="fl-db">
         <path>C:\ti\ccsv7\tools\compiler\ti-cgt-arm_16.9.4.LTS\lib\</path>
         <kind>archive</kind>
         <file>rtsv7M4_T_le_v4SPD16_eabi.lib</file>
         <name>fd_mul_t2.obj</name>
      </input_file>
      <input_file id="fl-dc">
         <path>C:\ti\ccsv7\tools\compiler\ti-cgt-arm_16.9.4.LTS\lib\</path>
         <kind>archive</kind>
         <file>rtsv7M4_T_le_v4SPD16_eabi.lib</file>
         <name>fd_toi_t2.obj</name>
      </input_file>
      <input_file id="fl-dd">
         <path>C:\ti\ccsv7\tools\compiler\ti-cgt-arm_16.9.4.LTS\lib\</path>
         <kind>archive</kind>
         <file>rtsv7M4_T_le_v4SPD16_eabi.lib</file>
         <name>fputc.obj</name>
      </input_file>
      <input_file id="fl-de">
         <path>C:\ti\ccsv7\tools\compiler\ti-cgt-arm_16.9.4.LTS\lib\</path>
         <kind>archive</kind>
         <file>rtsv7M4_T_le_v4SPD16_eabi.lib</file>
         <name>fputs.obj</name>
      </input_file>
      <input_file id="fl-df">
         <path>C:\ti\ccsv7\tools\compiler\ti-cgt-arm_16.9.4.LTS\lib\</path>
         <kind>archive</kind>
         <file>rtsv7M4_T_le_v4SPD16_eabi.lib</file>
         <name>i_tofd_t2.obj</name>
      </input_file>
      <input_file id="fl-e0">
         <path>C:\ti\ccsv7\tools\compiler\ti-cgt-arm_16.9.4.LTS\lib\</path>
         <kind>archive</kind>
         <file>rtsv7M4_T_le_v4SPD16_eabi.lib</file>
         <name>memccpy.obj</name>
      </input_file>
      <input_file id="fl-e1">
         <path>C:\ti\ccsv7\tools\compiler\ti-cgt-arm_16.9.4.LTS\lib\</path>
         <kind>archive</kind>
         <file>rtsv7M4_T_le_v4SPD16_eabi.lib</file>
         <name>memchr.obj</name>
      </input_file>
      <input_file id="fl-e2">
         <path>C:\ti\ccsv7\tools\compiler\ti-cgt-arm_16.9.4.LTS\lib\</path>
         <kind>archive</kind>
         <file>rtsv7M4_T_le_v4SPD16_eabi.lib</file>
         <name>s_frexp.obj</name>
      </input_file>
      <input_file id="fl-e3">
         <path>C:\ti\ccsv7\tools\compiler\ti-cgt-arm_16.9.4.LTS\lib\</path>
         <kind>archive</kind>
         <file>rtsv7M4_T_le_v4SPD16_eabi.lib</file>
         <name>s_scalbn.obj</name>
      </input_file>
      <input_file id="fl-e4">
         <path>C:\ti\ccsv7\tools\compiler\ti-cgt-arm_16.9.4.LTS\lib\</path>
         <kind>archive</kind>
         <file>rtsv7M4_T_le_v4SPD16_eabi.lib</file>
         <name>startup.obj</name>
      </input_file>
      <input_file id="fl-e5">
         <path>C:\ti\ccsv7\tools\compiler\ti-cgt-arm_16.9.4.LTS\lib\</path>
         <kind>archive</kind>
         <file>rtsv7M4_T_le_v4SPD16_eabi.lib</file>
         <name>strchr.obj</name>
      </input_file>
      <input_file id="fl-e6">
         <path>C:\ti\ccsv7\tools\compiler\ti-cgt-arm_16.9.4.LTS\lib\</path>
         <kind>archive</kind>
         <file>rtsv7M4_T_le_v4SPD16_eabi.lib</file>
         <name>strlen.obj</name>
      </input_file>
      <input_file id="fl-e7">
         <path>C:\ti\ccsv7\tools\compiler\ti-cgt-arm_16.9.4.LTS\lib\</path>
         <kind>archive</kind>
         <file>rtsv7M4_T_le_v4SPD16_eabi.lib</file>
         <name>ull_div_t2.obj</name>
      </input_file>
      <input_file id="fl-e8">
         <path>C:\ti\ccsv7\tools\compiler\ti-cgt-arm_16.9.4.LTS\lib\</path>
         <kind>archive</kind>
         <file>rtsv7M4_T_le_v4SPD16_eabi.lib</file>
         <name>write.obj</name>
      </input_file>
      <input_file id="fl-e9">
         <path>C:\ti\ccsv7\tools\compiler\ti-cgt-arm_16.9.4.LTS\lib\</path>
         <kind>archive</kind>
         <file>rtsv7M4_T_le_v4SPD16_eabi.lib</file>
         <name>_io_perm.obj</name>
      </input_file>
      <input_file id="fl-ea">
         <path>C:\ti\ccsv7\tools\compiler\ti-cgt-arm_16.9.4.LTS\lib\</path>
         <kind>archive</kind>
         <file>rtsv7M4_T_le_v4SPD16_eabi.lib</file>
         <name>errno.obj</name>
      </input_file>
      <input_file id="fl-eb">
         <path>C:\ti\ccsv7\tools\compiler\ti-cgt-arm_16.9.4.LTS\lib\</path>
         <kind>archive</kind>
         <file>rtsv7M4_T_le_v4SPD16_eabi.lib</file>
         <name>fflush.obj</name>
      </input_file>
      <input_file id="fl-ec">
         <path>C:\ti\ccsv7\tools\compiler\ti-cgt-arm_16.9.4.LTS\lib\</path>
         <kind>archive</kind>
         <file>rtsv7M4_T_le_v4SPD16_eabi.lib</file>
         <name>fseek.obj</name>
      </input_file>
      <input_file id="fl-ed">
         <path>C:\ti\ccsv7\tools\compiler\ti-cgt-arm_16.9.4.LTS\lib\</path>
         <kind>archive</kind>
         <file>rtsv7M4_T_le_v4SPD16_eabi.lib</file>
         <name>hostclose.obj</name>
      </input_file>
      <input_file id="fl-ee">
         <path>C:\ti\ccsv7\tools\compiler\ti-cgt-arm_16.9.4.LTS\lib\</path>
         <kind>archive</kind>
         <file>rtsv7M4_T_le_v4SPD16_eabi.lib</file>
         <name>hostlseek.obj</name>
      </input_file>
      <input_file id="fl-ef">
         <path>C:\ti\ccsv7\tools\compiler\ti-cgt-arm_16.9.4.LTS\lib\</path>
         <kind>archive</kind>
         <file>rtsv7M4_T_le_v4SPD16_eabi.lib</file>
         <name>hostopen.obj</name>
      </input_file>
      <input_file id="fl-f0">
         <path>C:\ti\ccsv7\tools\compiler\ti-cgt-arm_16.9.4.LTS\lib\</path>
         <kind>archive</kind>
         <file>rtsv7M4_T_le_v4SPD16_eabi.lib</file>
         <name>hostread.obj</name>
      </input_file>
      <input_file id="fl-f1">
         <path>C:\ti\ccsv7\tools\compiler\ti-cgt-arm_16.9.4.LTS\lib\</path>
         <kind>archive</kind>
         <file>rtsv7M4_T_le_v4SPD16_eabi.lib</file>
         <name>hostrename.obj</name>
      </input_file>
      <input_file id="fl-f2">
         <path>C:\ti\ccsv7\tools\compiler\ti-cgt-arm_16.9.4.LTS\lib\</path>
         <kind>archive</kind>
         <file>rtsv7M4_T_le_v4SPD16_eabi.lib</file>
         <name>hostunlink.obj</name>
      </input_file>
      <input_file id="fl-f3">
         <path>C:\ti\ccsv7\tools\compiler\ti-cgt-arm_16.9.4.LTS\lib\</path>
         <kind>archive</kind>
         <file>rtsv7M4_T_le_v4SPD16_eabi.lib</file>
         <name>hostwrite.obj</name>
      </input_file>
      <input_file id="fl-f4">
         <path>C:\ti\ccsv7\tools\compiler\ti-cgt-arm_16.9.4.LTS\lib\</path>
         <kind>archive</kind>
         <file>rtsv7M4_T_le_v4SPD16_eabi.lib</file>
         <name>lseek.obj</name>
      </input_file>
      <input_file id="fl-f5">
         <path>C:\ti\ccsv7\tools\compiler\ti-cgt-arm_16.9.4.LTS\lib\</path>
         <kind>archive</kind>
         <file>rtsv7M4_T_le_v4SPD16_eabi.lib</file>
         <name>s_copysign.obj</name>
      </input_file>
      <input_file id="fl-f6">
         <path>C:\ti\ccsv7\tools\compiler\ti-cgt-arm_16.9.4.LTS\lib\</path>
         <kind>archive</kind>
         <file>rtsv7M4_T_le_v4SPD16_eabi.lib</file>
         <name>setvbuf.obj</name>
      </input_file>
      <input_file id="fl-f7">
         <path>C:\ti\ccsv7\tools\compiler\ti-cgt-arm_16.9.4.LTS\lib\</path>
         <kind>archive</kind>
         <file>rtsv7M4_T_le_v4SPD16_eabi.lib</file>
         <name>strcpy.obj</name>
      </input_file>
      <input_file id="fl-f8">
         <path>C:\ti\ccsv7\tools\compiler\ti-cgt-arm_16.9.4.LTS\lib\</path>
         <kind>archive</kind>
         <file>rtsv7M4_T_le_v4SPD16_eabi.lib</file>
         <name>trgmsg.obj</name>
      </input_file>
      <input_file id="fl-f9">
         <path>C:\ti\ccsv7\tools\compiler\ti-cgt-arm_16.9.4.LTS\lib\</path>
         <kind>archive</kind>
         <file>rtsv7M4_T_le_v4SPD16_eabi.lib</file>
         <name>fopen.obj</name>
      </input_file>
      <input_file id="fl-fa">
         <path>C:\ti\ccsv7\tools\compiler\ti-cgt-arm_16.9.4.LTS\lib\</path>
         <kind>archive</kind>
         <file>rtsv7M4_T_le_v4SPD16_eabi.lib</file>
         <name>open.obj</name>
      </input_file>
      <input_file id="fl-fb">
         <path>C:\ti\ccsv7\tools\compiler\ti-cgt-arm_16.9.4.LTS\lib\</path>
         <kind>archive</kind>
         <file>rtsv7M4_T_le_v4SPD16_eabi.lib</file>
         <name>fclose.obj</name>
      </input_file>
      <input_file id="fl-fc">
         <path>C:\ti\ccsv7\tools\compiler\ti-cgt-arm_16.9.4.LTS\lib\</path>
         <kind>archive</kind>
         <file>rtsv7M4_T_le_v4SPD16_eabi.lib</file>
         <name>getdevice.obj</name>
      </input_file>
      <input_file id="fl-fd">
         <path>C:\ti\ccsv7\tools\compiler\ti-cgt-arm_16.9.4.LTS\lib\</path>
         <kind>archive</kind>
         <file>rtsv7M4_T_le_v4SPD16_eabi.lib</file>
         <name>remove.obj</name>
      </input_file>
      <input_file id="fl-fe">
         <path>C:\ti\ccsv7\tools\compiler\ti-cgt-arm_16.9.4.LTS\lib\</path>
         <kind>archive</kind>
         <file>rtsv7M4_T_le_v4SPD16_eabi.lib</file>
         <name>strcmp.obj</name>
      </input_file>
      <input_file id="fl-ff">
         <path>C:\ti\ccsv7\tools\compiler\ti-cgt-arm_16.9.4.LTS\lib\</path>
         <kind>archive</kind>
         <file>rtsv7M4_T_le_v4SPD16_eabi.lib</file>
         <name>strncpy.obj</name>
      </input_file>
      <input_file id="fl-100">
         <path>C:\ti\ccsv7\tools\compiler\ti-cgt-arm_16.9.4.LTS\lib\</path>
         <kind>archive</kind>
         <file>rtsv7M4_T_le_v4SPD16_eabi.lib</file>
         <name>unlink.obj</name>
      </input_file>
      <input_file id="fl-101">
         <path>C:\ti\ccsv7\tools\compiler\ti-cgt-arm_16.9.4.LTS\lib\</path>
         <kind>archive</kind>
         <file>rtsv7M4_T_le_v4SPD16_eabi.lib</file>
         <name>close.obj</name>
      </input_file>
   </input_file_list>
   <object_component_list>
      <object_component id="oc-f">
         <name>.intvecs</name>
         <load_address>0x0</load_address>
         <run_address>0x0</run_address>
         <size>0x26c</size>
         <input_file_ref idref="fl-8"/>
      </object_component>
      <object_component id="oc-17a">
         <name>.text</name>
         <load_address>0x26c</load_address>
         <run_address>0x26c</run_address>
         <size>0x113e</size>
         <input_file_ref idref="fl-d3"/>
      </object_component>
      <object_component id="oc-60">
         <name>.text</name>
         <load_address>0x13aa</load_address>
         <run_address>0x13aa</run_address>
         <size>0x2</size>
         <input_file_ref idref="fl-cd"/>
      </object_component>
      <object_component id="oc-87">
         <name>.text</name>
         <load_address>0x13ac</load_address>
         <run_address>0x13ac</run_address>
         <size>0xa30</size>
         <input_file_ref idref="fl-2"/>
      </object_component>
      <object_component id="oc-145">
         <name>.text</name>
         <load_address>0x1ddc</load_address>
         <run_address>0x1ddc</run_address>
         <size>0x3d0</size>
         <input_file_ref idref="fl-cb"/>
      </object_component>
      <object_component id="oc-f6">
         <name>.text</name>
         <load_address>0x21ac</load_address>
         <run_address>0x21ac</run_address>
         <size>0x31a</size>
         <input_file_ref idref="fl-6"/>
      </object_component>
      <object_component id="oc-b8">
         <name>.text</name>
         <load_address>0x24c6</load_address>
         <run_address>0x24c6</run_address>
         <size>0x2</size>
         <input_file_ref idref="fl-e4"/>
      </object_component>
      <object_component id="oc-c0">
         <name>.text</name>
         <load_address>0x24c8</load_address>
         <run_address>0x24c8</run_address>
         <size>0x2f4</size>
         <input_file_ref idref="fl-7"/>
      </object_component>
      <object_component id="oc-1b7">
         <name>.text</name>
         <load_address>0x27bc</load_address>
         <run_address>0x27bc</run_address>
         <size>0x1f4</size>
         <input_file_ref idref="fl-e7"/>
      </object_component>
      <object_component id="oc-34">
         <name>.text</name>
         <load_address>0x29b0</load_address>
         <run_address>0x29b0</run_address>
         <size>0x1e0</size>
         <input_file_ref idref="fl-5"/>
      </object_component>
      <object_component id="oc-10e">
         <name>.text</name>
         <load_address>0x2b90</load_address>
         <run_address>0x2b90</run_address>
         <size>0x1da</size>
         <input_file_ref idref="fl-4"/>
      </object_component>
      <object_component id="oc-262">
         <name>.text</name>
         <load_address>0x2d6c</load_address>
         <run_address>0x2d6c</run_address>
         <size>0x1c4</size>
         <input_file_ref idref="fl-f9"/>
      </object_component>
      <object_component id="oc-1da">
         <name>.text</name>
         <load_address>0x2f30</load_address>
         <run_address>0x2f30</run_address>
         <size>0x1b6</size>
         <input_file_ref idref="fl-d8"/>
      </object_component>
      <object_component id="oc-1c6">
         <name>.text</name>
         <load_address>0x30e6</load_address>
         <run_address>0x30e6</run_address>
         <size>0x136</size>
         <input_file_ref idref="fl-da"/>
      </object_component>
      <object_component id="oc-174">
         <name>.text</name>
         <load_address>0x321c</load_address>
         <run_address>0x321c</run_address>
         <size>0x134</size>
         <input_file_ref idref="fl-de"/>
      </object_component>
      <object_component id="oc-1c1">
         <name>.text</name>
         <load_address>0x3350</load_address>
         <run_address>0x3350</run_address>
         <size>0xfc</size>
         <input_file_ref idref="fl-db"/>
      </object_component>
      <object_component id="oc-1e5">
         <name>.text</name>
         <load_address>0x344c</load_address>
         <run_address>0x344c</run_address>
         <size>0xfc</size>
         <input_file_ref idref="fl-e3"/>
      </object_component>
      <object_component id="oc-219">
         <name>.text</name>
         <load_address>0x3548</load_address>
         <run_address>0x3548</run_address>
         <size>0xdc</size>
         <input_file_ref idref="fl-f6"/>
      </object_component>
      <object_component id="oc-19b">
         <name>.text</name>
         <load_address>0x3624</load_address>
         <run_address>0x3624</run_address>
         <size>0xc8</size>
         <input_file_ref idref="fl-eb"/>
      </object_component>
      <object_component id="oc-299">
         <name>.text</name>
         <load_address>0x36ec</load_address>
         <run_address>0x36ec</run_address>
         <size>0xbc</size>
         <input_file_ref idref="fl-fa"/>
      </object_component>
      <object_component id="oc-195">
         <name>.text</name>
         <load_address>0x37a8</load_address>
         <run_address>0x37a8</run_address>
         <size>0xac</size>
         <input_file_ref idref="fl-e9"/>
      </object_component>
      <object_component id="oc-48">
         <name>.text</name>
         <load_address>0x3854</load_address>
         <run_address>0x3854</run_address>
         <size>0x9c</size>
         <input_file_ref idref="fl-ca"/>
      </object_component>
      <object_component id="oc-29f">
         <name>.text</name>
         <load_address>0x38f0</load_address>
         <run_address>0x38f0</run_address>
         <size>0x98</size>
         <input_file_ref idref="fl-fb"/>
      </object_component>
      <object_component id="oc-16e">
         <name>.text</name>
         <load_address>0x3988</load_address>
         <run_address>0x3988</run_address>
         <size>0x98</size>
         <input_file_ref idref="fl-dd"/>
      </object_component>
      <object_component id="oc-1bc">
         <name>.text:__aeabi_cdcmple</name>
         <load_address>0x3a20</load_address>
         <run_address>0x3a20</run_address>
         <size>0x86</size>
         <input_file_ref idref="fl-d9"/>
      </object_component>
      <object_component id="oc-1cb">
         <name>.text:__aeabi_cdrcmple</name>
         <load_address>0x3aa6</load_address>
         <run_address>0x3aa6</run_address>
         <size>0x86</size>
         <input_file_ref idref="fl-d9"/>
      </object_component>
      <object_component id="oc-54">
         <name>.text</name>
         <load_address>0x3b2c</load_address>
         <run_address>0x3b2c</run_address>
         <size>0x7a</size>
         <input_file_ref idref="fl-cc"/>
      </object_component>
      <object_component id="oc-6c">
         <name>.text</name>
         <load_address>0x3ba8</load_address>
         <run_address>0x3ba8</run_address>
         <size>0x70</size>
         <input_file_ref idref="fl-d5"/>
      </object_component>
      <object_component id="oc-2d8">
         <name>.text</name>
         <load_address>0x3c18</load_address>
         <run_address>0x3c18</run_address>
         <size>0x70</size>
         <input_file_ref idref="fl-fc"/>
      </object_component>
      <object_component id="oc-14b">
         <name>.text</name>
         <load_address>0x3c88</load_address>
         <run_address>0x3c88</run_address>
         <size>0x70</size>
         <input_file_ref idref="fl-cf"/>
      </object_component>
      <object_component id="oc-2ce">
         <name>.text</name>
         <load_address>0x3cf8</load_address>
         <run_address>0x3cf8</run_address>
         <size>0x6c</size>
         <input_file_ref idref="fl-f1"/>
      </object_component>
      <object_component id="oc-12">
         <name>.text:decompress:lzss</name>
         <load_address>0x3d64</load_address>
         <run_address>0x3d64</run_address>
         <size>0x68</size>
         <input_file_ref idref="fl-c4"/>
      </object_component>
      <object_component id="oc-2c2">
         <name>.text</name>
         <load_address>0x3dcc</load_address>
         <run_address>0x3dcc</run_address>
         <size>0x68</size>
         <input_file_ref idref="fl-ee"/>
      </object_component>
      <object_component id="oc-2f2">
         <name>.text</name>
         <load_address>0x3e34</load_address>
         <run_address>0x3e34</run_address>
         <size>0x68</size>
         <input_file_ref idref="fl-f8"/>
      </object_component>
      <object_component id="oc-213">
         <name>.text</name>
         <load_address>0x3e9c</load_address>
         <run_address>0x3e9c</run_address>
         <size>0x64</size>
         <input_file_ref idref="fl-ec"/>
      </object_component>
      <object_component id="oc-1df">
         <name>.text</name>
         <load_address>0x3f00</load_address>
         <run_address>0x3f00</run_address>
         <size>0x64</size>
         <input_file_ref idref="fl-e2"/>
      </object_component>
      <object_component id="oc-2aa">
         <name>.text</name>
         <load_address>0x3f64</load_address>
         <run_address>0x3f64</run_address>
         <size>0x60</size>
         <input_file_ref idref="fl-ef"/>
      </object_component>
      <object_component id="oc-2e1">
         <name>.text</name>
         <load_address>0x3fc4</load_address>
         <run_address>0x3fc4</run_address>
         <size>0x5c</size>
         <input_file_ref idref="fl-101"/>
      </object_component>
      <object_component id="oc-2b6">
         <name>.text</name>
         <load_address>0x4020</load_address>
         <run_address>0x4020</run_address>
         <size>0x58</size>
         <input_file_ref idref="fl-f0"/>
      </object_component>
      <object_component id="oc-2bc">
         <name>.text</name>
         <load_address>0x4078</load_address>
         <run_address>0x4078</run_address>
         <size>0x58</size>
         <input_file_ref idref="fl-f3"/>
      </object_component>
      <object_component id="oc-24">
         <name>.text</name>
         <load_address>0x40d0</load_address>
         <run_address>0x40d0</run_address>
         <size>0x54</size>
         <input_file_ref idref="fl-c3"/>
      </object_component>
      <object_component id="oc-78">
         <name>.text</name>
         <load_address>0x4124</load_address>
         <run_address>0x4124</run_address>
         <size>0x54</size>
         <input_file_ref idref="fl-c8"/>
      </object_component>
      <object_component id="oc-fc">
         <name>.text</name>
         <load_address>0x4178</load_address>
         <run_address>0x4178</run_address>
         <size>0x54</size>
         <input_file_ref idref="fl-c9"/>
      </object_component>
      <object_component id="oc-108">
         <name>.text</name>
         <load_address>0x41cc</load_address>
         <run_address>0x41cc</run_address>
         <size>0x4c</size>
         <input_file_ref idref="fl-c2"/>
      </object_component>
      <object_component id="oc-b2">
         <name>.text</name>
         <load_address>0x4218</load_address>
         <run_address>0x4218</run_address>
         <size>0x4c</size>
         <input_file_ref idref="fl-d6"/>
      </object_component>
      <object_component id="oc-1d0">
         <name>.text</name>
         <load_address>0x4264</load_address>
         <run_address>0x4264</run_address>
         <size>0x48</size>
         <input_file_ref idref="fl-dc"/>
      </object_component>
      <object_component id="oc-2b0">
         <name>.text</name>
         <load_address>0x42ac</load_address>
         <run_address>0x42ac</run_address>
         <size>0x44</size>
         <input_file_ref idref="fl-ed"/>
      </object_component>
      <object_component id="oc-2c8">
         <name>.text</name>
         <load_address>0x42f0</load_address>
         <run_address>0x42f0</run_address>
         <size>0x44</size>
         <input_file_ref idref="fl-f2"/>
      </object_component>
      <object_component id="oc-314">
         <name>.text</name>
         <load_address>0x4334</load_address>
         <run_address>0x4334</run_address>
         <size>0x36</size>
         <input_file_ref idref="fl-ff"/>
      </object_component>
      <object_component id="oc-1d5">
         <name>.text</name>
         <load_address>0x436a</load_address>
         <run_address>0x436a</run_address>
         <size>0x2e</size>
         <input_file_ref idref="fl-df"/>
      </object_component>
      <object_component id="oc-2e7">
         <name>.text</name>
         <load_address>0x4398</load_address>
         <run_address>0x4398</run_address>
         <size>0x2c</size>
         <input_file_ref idref="fl-100"/>
      </object_component>
      <object_component id="oc-25a">
         <name>.text</name>
         <load_address>0x43c4</load_address>
         <run_address>0x43c4</run_address>
         <size>0x28</size>
         <input_file_ref idref="fl-f4"/>
      </object_component>
      <object_component id="oc-1a1">
         <name>.text</name>
         <load_address>0x43ec</load_address>
         <run_address>0x43ec</run_address>
         <size>0x28</size>
         <input_file_ref idref="fl-e8"/>
      </object_component>
      <object_component id="oc-1af">
         <name>.text</name>
         <load_address>0x4414</load_address>
         <run_address>0x4414</run_address>
         <size>0x20</size>
         <input_file_ref idref="fl-e1"/>
      </object_component>
      <object_component id="oc-102">
         <name>.text</name>
         <load_address>0x4434</load_address>
         <run_address>0x4434</run_address>
         <size>0x1e</size>
         <input_file_ref idref="fl-d1"/>
      </object_component>
      <object_component id="oc-1f1">
         <name>.text</name>
         <load_address>0x4452</load_address>
         <run_address>0x4452</run_address>
         <size>0x1c</size>
         <input_file_ref idref="fl-e0"/>
      </object_component>
      <object_component id="oc-72">
         <name>.text</name>
         <load_address>0x4470</load_address>
         <run_address>0x4470</run_address>
         <size>0x18</size>
         <input_file_ref idref="fl-d4"/>
      </object_component>
      <object_component id="oc-30e">
         <name>.text</name>
         <load_address>0x4488</load_address>
         <run_address>0x4488</run_address>
         <size>0x18</size>
         <input_file_ref idref="fl-fe"/>
      </object_component>
      <object_component id="oc-1eb">
         <name>.text</name>
         <load_address>0x44a0</load_address>
         <run_address>0x44a0</run_address>
         <size>0x16</size>
         <input_file_ref idref="fl-e5"/>
      </object_component>
      <object_component id="oc-122">
         <name>.text</name>
         <load_address>0x44b8</load_address>
         <run_address>0x44b8</run_address>
         <size>0x14</size>
         <input_file_ref idref="fl-d2"/>
      </object_component>
      <object_component id="oc-242">
         <name>.text</name>
         <load_address>0x44cc</load_address>
         <run_address>0x44cc</run_address>
         <size>0x14</size>
         <input_file_ref idref="fl-f5"/>
      </object_component>
      <object_component id="oc-306">
         <name>.text</name>
         <load_address>0x44e0</load_address>
         <run_address>0x44e0</run_address>
         <size>0x14</size>
         <input_file_ref idref="fl-f7"/>
      </object_component>
      <object_component id="oc-1a9">
         <name>.text</name>
         <load_address>0x44f4</load_address>
         <run_address>0x44f4</run_address>
         <size>0x14</size>
         <input_file_ref idref="fl-e6"/>
      </object_component>
      <object_component id="oc-18">
         <name>.text:decompress:none</name>
         <load_address>0x4508</load_address>
         <run_address>0x4508</run_address>
         <size>0xe</size>
         <input_file_ref idref="fl-c5"/>
      </object_component>
      <object_component id="oc-1e">
         <name>.text:decompress:ZI</name>
         <load_address>0x4516</load_address>
         <run_address>0x4516</run_address>
         <size>0xc</size>
         <input_file_ref idref="fl-c6"/>
      </object_component>
      <object_component id="oc-2e">
         <name>.text</name>
         <load_address>0x4522</load_address>
         <run_address>0x4522</run_address>
         <size>0xc</size>
         <input_file_ref idref="fl-8"/>
      </object_component>
      <object_component id="oc-66">
         <name>.text</name>
         <load_address>0x452e</load_address>
         <run_address>0x452e</run_address>
         <size>0x4</size>
         <input_file_ref idref="fl-ce"/>
      </object_component>
      <object_component id="oc-140">
         <name>.const:.string:_ctypes_</name>
         <load_address>0x4532</load_address>
         <run_address>0x4532</run_address>
         <size>0x101</size>
         <input_file_ref idref="fl-c7"/>
      </object_component>
      <object_component id="oc-373">
         <name>.cinit..data.load</name>
         <load_address>0x4638</load_address>
         <run_address>0x4638</run_address>
         <size>0x6c</size>
      </object_component>
      <object_component id="oc-371">
         <name>__TI_handler_table</name>
         <load_address>0x46a4</load_address>
         <run_address>0x46a4</run_address>
         <size>0xc</size>
      </object_component>
      <object_component id="oc-374">
         <name>.cinit..bss.load</name>
         <load_address>0x46b0</load_address>
         <run_address>0x46b0</run_address>
         <size>0x8</size>
      </object_component>
      <object_component id="oc-372">
         <name>__TI_cinit_table</name>
         <load_address>0x46b8</load_address>
         <run_address>0x46b8</run_address>
         <size>0x10</size>
      </object_component>
      <object_component id="oc-114">
         <name>.data</name>
         <load_address>0x200007f8</load_address>
         <run_address>0x200007f8</run_address>
         <size>0x1</size>
         <input_file_ref idref="fl-7"/>
      </object_component>
      <object_component id="oc-c8">
         <name>.data:$O1$$</name>
         <load_address>0x200007c8</load_address>
         <run_address>0x200007c8</run_address>
         <size>0xc</size>
         <input_file_ref idref="fl-c8"/>
      </object_component>
      <object_component id="oc-16a">
         <name>.data:$O1$$</name>
         <load_address>0x200007d4</load_address>
         <run_address>0x200007d4</run_address>
         <size>0xc</size>
         <input_file_ref idref="fl-cb"/>
      </object_component>
      <object_component id="oc-7e">
         <name>.data</name>
         <load_address>0x200007f4</load_address>
         <run_address>0x200007f4</run_address>
         <size>0x4</size>
         <input_file_ref idref="fl-d0"/>
      </object_component>
      <object_component id="oc-cb">
         <name>.data:$O1$$</name>
         <load_address>0x200007e0</load_address>
         <run_address>0x200007e0</run_address>
         <size>0x8</size>
         <input_file_ref idref="fl-d2"/>
      </object_component>
      <object_component id="oc-180">
         <name>.data:_ftable</name>
         <load_address>0x20000600</load_address>
         <run_address>0x20000600</run_address>
         <size>0xf0</size>
         <input_file_ref idref="fl-d7"/>
      </object_component>
      <object_component id="oc-221">
         <name>.data</name>
         <load_address>0x200007b8</load_address>
         <run_address>0x200007b8</run_address>
         <size>0x10</size>
         <input_file_ref idref="fl-d7"/>
      </object_component>
      <object_component id="oc-275">
         <name>.data:_device</name>
         <load_address>0x200006f0</load_address>
         <run_address>0x200006f0</run_address>
         <size>0x78</size>
         <input_file_ref idref="fl-e8"/>
      </object_component>
      <object_component id="oc-226">
         <name>.data:_stream</name>
         <load_address>0x20000768</load_address>
         <run_address>0x20000768</run_address>
         <size>0x50</size>
         <input_file_ref idref="fl-e8"/>
      </object_component>
      <object_component id="oc-248">
         <name>.data</name>
         <load_address>0x200007e8</load_address>
         <run_address>0x200007e8</run_address>
         <size>0x4</size>
         <input_file_ref idref="fl-ea"/>
      </object_component>
      <object_component id="oc-2a5">
         <name>.data</name>
         <load_address>0x200007ec</load_address>
         <run_address>0x200007ec</run_address>
         <size>0x4</size>
         <input_file_ref idref="fl-f9"/>
      </object_component>
      <object_component id="oc-2de">
         <name>.data</name>
         <load_address>0x200007f0</load_address>
         <run_address>0x200007f0</run_address>
         <size>0x4</size>
         <input_file_ref idref="fl-fa"/>
      </object_component>
      <object_component id="oc-324">
         <name>.bss:_CIOBUF_</name>
         <uninitialized>true</uninitialized>
         <run_address>0x200007fc</run_address>
         <size>0x120</size>
         <input_file_ref idref="fl-f8"/>
      </object_component>
      <object_component id="oc-2ed">
         <name>.common:__TI_tmpnams</name>
         <uninitialized>true</uninitialized>
         <run_address>0x2000091c</run_address>
         <size>0xa0</size>
      </object_component>
      <object_component id="oc-2f8">
         <name>.common:parmbuf</name>
         <uninitialized>true</uninitialized>
         <run_address>0x200009bc</run_address>
         <size>0x8</size>
      </object_component>
      <object_component id="oc-2b">
         <name>.sysmem</name>
         <uninitialized>true</uninitialized>
         <run_address>0x20000000</run_address>
         <size>0x8</size>
         <input_file_ref idref="fl-cb"/>
      </object_component>
      <object_component id="oc-376">
         <name>.sysmem</name>
         <uninitialized>true</uninitialized>
         <run_address>0x20000000</run_address>
         <size>0x0</size>
      </object_component>
      <object_component id="oc-2a">
         <name>.stack</name>
         <uninitialized>true</uninitialized>
         <run_address>0x20000400</run_address>
         <size>0x0</size>
         <input_file_ref idref="fl-c3"/>
      </object_component>
      <object_component id="oc-375">
         <name>.stack</name>
         <uninitialized>true</uninitialized>
         <run_address>0x20000400</run_address>
         <size>0x0</size>
      </object_component>
      <object_component id="oc-88">
         <name>.debug_info</name>
         <load_address>0x0</load_address>
         <run_address>0x0</run_address>
         <size>0x3cc</size>
         <input_file_ref idref="fl-2"/>
      </object_component>
      <object_component id="oc-e0">
         <name>.debug_info</name>
         <load_address>0x3cc</load_address>
         <run_address>0x3cc</run_address>
         <size>0x83</size>
         <input_file_ref idref="fl-2"/>
      </object_component>
      <object_component id="oc-43">
         <name>.debug_info</name>
         <load_address>0x44f</load_address>
         <run_address>0x44f</run_address>
         <size>0x84</size>
         <input_file_ref idref="fl-2"/>
      </object_component>
      <object_component id="oc-8e">
         <name>.debug_info</name>
         <load_address>0x4d3</load_address>
         <run_address>0x4d3</run_address>
         <size>0xae</size>
         <input_file_ref idref="fl-2"/>
      </object_component>
      <object_component id="oc-152">
         <name>.debug_info</name>
         <load_address>0x581</load_address>
         <run_address>0x581</run_address>
         <size>0x2fb</size>
         <input_file_ref idref="fl-4"/>
      </object_component>
      <object_component id="oc-110">
         <name>.debug_info</name>
         <load_address>0x87c</load_address>
         <run_address>0x87c</run_address>
         <size>0x6b3</size>
         <input_file_ref idref="fl-4"/>
      </object_component>
      <object_component id="oc-18c">
         <name>.debug_info</name>
         <load_address>0xf2f</load_address>
         <run_address>0xf2f</run_address>
         <size>0xc8</size>
         <input_file_ref idref="fl-4"/>
      </object_component>
      <object_component id="oc-157">
         <name>.debug_info</name>
         <load_address>0xff7</load_address>
         <run_address>0xff7</run_address>
         <size>0x55</size>
         <input_file_ref idref="fl-4"/>
      </object_component>
      <object_component id="oc-185">
         <name>.debug_info</name>
         <load_address>0x104c</load_address>
         <run_address>0x104c</run_address>
         <size>0x4e</size>
         <input_file_ref idref="fl-4"/>
      </object_component>
      <object_component id="oc-35">
         <name>.debug_info</name>
         <load_address>0x109a</load_address>
         <run_address>0x109a</run_address>
         <size>0x360</size>
         <input_file_ref idref="fl-5"/>
      </object_component>
      <object_component id="oc-13b">
         <name>.debug_info</name>
         <load_address>0x13fa</load_address>
         <run_address>0x13fa</run_address>
         <size>0x340</size>
         <input_file_ref idref="fl-6"/>
      </object_component>
      <object_component id="oc-f7">
         <name>.debug_info</name>
         <load_address>0x173a</load_address>
         <run_address>0x173a</run_address>
         <size>0x8f8</size>
         <input_file_ref idref="fl-6"/>
      </object_component>
      <object_component id="oc-118">
         <name>.debug_info</name>
         <load_address>0x2032</load_address>
         <run_address>0x2032</run_address>
         <size>0x4d3</size>
         <input_file_ref idref="fl-7"/>
      </object_component>
      <object_component id="oc-115">
         <name>.debug_info</name>
         <load_address>0x2505</load_address>
         <run_address>0x2505</run_address>
         <size>0xcc</size>
         <input_file_ref idref="fl-7"/>
      </object_component>
      <object_component id="oc-c1">
         <name>.debug_info</name>
         <load_address>0x25d1</load_address>
         <run_address>0x25d1</run_address>
         <size>0x66c</size>
         <input_file_ref idref="fl-7"/>
      </object_component>
      <object_component id="oc-a9">
         <name>.debug_info</name>
         <load_address>0x2c3d</load_address>
         <run_address>0x2c3d</run_address>
         <size>0x2c</size>
         <input_file_ref idref="fl-7"/>
      </object_component>
      <object_component id="oc-3c">
         <name>.debug_info</name>
         <load_address>0x2c69</load_address>
         <run_address>0x2c69</run_address>
         <size>0x2bd</size>
         <input_file_ref idref="fl-8"/>
      </object_component>
      <object_component id="oc-10">
         <name>.debug_info</name>
         <load_address>0x2f26</load_address>
         <run_address>0x2f26</run_address>
         <size>0xe4</size>
         <input_file_ref idref="fl-8"/>
      </object_component>
      <object_component id="oc-30">
         <name>.debug_info</name>
         <load_address>0x300a</load_address>
         <run_address>0x300a</run_address>
         <size>0x260</size>
         <input_file_ref idref="fl-8"/>
      </object_component>
      <object_component id="oc-95">
         <name>.debug_info</name>
         <load_address>0x326a</load_address>
         <run_address>0x326a</run_address>
         <size>0x18b</size>
         <input_file_ref idref="fl-8"/>
      </object_component>
      <object_component id="oc-144">
         <name>.debug_info</name>
         <load_address>0x33f5</load_address>
         <run_address>0x33f5</run_address>
         <size>0x2ae</size>
         <input_file_ref idref="fl-c2"/>
      </object_component>
      <object_component id="oc-10a">
         <name>.debug_info</name>
         <load_address>0x36a3</load_address>
         <run_address>0x36a3</run_address>
         <size>0x171</size>
         <input_file_ref idref="fl-c2"/>
      </object_component>
      <object_component id="oc-25">
         <name>.debug_info</name>
         <load_address>0x3814</load_address>
         <run_address>0x3814</run_address>
         <size>0x160</size>
         <input_file_ref idref="fl-c3"/>
      </object_component>
      <object_component id="oc-9f">
         <name>.debug_info</name>
         <load_address>0x3974</load_address>
         <run_address>0x3974</run_address>
         <size>0x293</size>
         <input_file_ref idref="fl-c4"/>
      </object_component>
      <object_component id="oc-14">
         <name>.debug_info</name>
         <load_address>0x3c07</load_address>
         <run_address>0x3c07</run_address>
         <size>0x245</size>
         <input_file_ref idref="fl-c4"/>
      </object_component>
      <object_component id="oc-3e">
         <name>.debug_info</name>
         <load_address>0x3e4c</load_address>
         <run_address>0x3e4c</run_address>
         <size>0x60</size>
         <input_file_ref idref="fl-c4"/>
      </object_component>
      <object_component id="oc-9a">
         <name>.debug_info</name>
         <load_address>0x3eac</load_address>
         <run_address>0x3eac</run_address>
         <size>0x46</size>
         <input_file_ref idref="fl-c4"/>
      </object_component>
      <object_component id="oc-53">
         <name>.debug_info</name>
         <load_address>0x3ef2</load_address>
         <run_address>0x3ef2</run_address>
         <size>0x2da</size>
         <input_file_ref idref="fl-c5"/>
      </object_component>
      <object_component id="oc-1b">
         <name>.debug_info</name>
         <load_address>0x41cc</load_address>
         <run_address>0x41cc</run_address>
         <size>0x1df</size>
         <input_file_ref idref="fl-c5"/>
      </object_component>
      <object_component id="oc-4e">
         <name>.debug_info</name>
         <load_address>0x43ab</load_address>
         <run_address>0x43ab</run_address>
         <size>0x46</size>
         <input_file_ref idref="fl-c5"/>
      </object_component>
      <object_component id="oc-a1">
         <name>.debug_info</name>
         <load_address>0x43f1</load_address>
         <run_address>0x43f1</run_address>
         <size>0x2c</size>
         <input_file_ref idref="fl-c5"/>
      </object_component>
      <object_component id="oc-5f">
         <name>.debug_info</name>
         <load_address>0x441d</load_address>
         <run_address>0x441d</run_address>
         <size>0x2c9</size>
         <input_file_ref idref="fl-c6"/>
      </object_component>
      <object_component id="oc-20">
         <name>.debug_info</name>
         <load_address>0x46e6</load_address>
         <run_address>0x46e6</run_address>
         <size>0x1aa</size>
         <input_file_ref idref="fl-c6"/>
      </object_component>
      <object_component id="oc-5a">
         <name>.debug_info</name>
         <load_address>0x4890</load_address>
         <run_address>0x4890</run_address>
         <size>0x46</size>
         <input_file_ref idref="fl-c6"/>
      </object_component>
      <object_component id="oc-167">
         <name>.debug_info</name>
         <load_address>0x48d6</load_address>
         <run_address>0x48d6</run_address>
         <size>0xee</size>
         <input_file_ref idref="fl-c7"/>
      </object_component>
      <object_component id="oc-141">
         <name>.debug_info</name>
         <load_address>0x49c4</load_address>
         <run_address>0x49c4</run_address>
         <size>0xfa</size>
         <input_file_ref idref="fl-c7"/>
      </object_component>
      <object_component id="oc-cf">
         <name>.debug_info</name>
         <load_address>0x4abe</load_address>
         <run_address>0x4abe</run_address>
         <size>0x3ce</size>
         <input_file_ref idref="fl-c8"/>
      </object_component>
      <object_component id="oc-c9">
         <name>.debug_info</name>
         <load_address>0x4e8c</load_address>
         <run_address>0x4e8c</run_address>
         <size>0x185</size>
         <input_file_ref idref="fl-c8"/>
      </object_component>
      <object_component id="oc-7a">
         <name>.debug_info</name>
         <load_address>0x5011</load_address>
         <run_address>0x5011</run_address>
         <size>0x214</size>
         <input_file_ref idref="fl-c8"/>
      </object_component>
      <object_component id="oc-13d">
         <name>.debug_info</name>
         <load_address>0x5225</load_address>
         <run_address>0x5225</run_address>
         <size>0x2e6</size>
         <input_file_ref idref="fl-c9"/>
      </object_component>
      <object_component id="oc-fe">
         <name>.debug_info</name>
         <load_address>0x550b</load_address>
         <run_address>0x550b</run_address>
         <size>0x1c2</size>
         <input_file_ref idref="fl-c9"/>
      </object_component>
      <object_component id="oc-49">
         <name>.debug_info</name>
         <load_address>0x56cd</load_address>
         <run_address>0x56cd</run_address>
         <size>0x111</size>
         <input_file_ref idref="fl-ca"/>
      </object_component>
      <object_component id="oc-84">
         <name>.debug_info</name>
         <load_address>0x57de</load_address>
         <run_address>0x57de</run_address>
         <size>0x3bc</size>
         <input_file_ref idref="fl-cb"/>
      </object_component>
      <object_component id="oc-2c">
         <name>.debug_info</name>
         <load_address>0x5b9a</load_address>
         <run_address>0x5b9a</run_address>
         <size>0x101</size>
         <input_file_ref idref="fl-cb"/>
      </object_component>
      <object_component id="oc-16b">
         <name>.debug_info</name>
         <load_address>0x5c9b</load_address>
         <run_address>0x5c9b</run_address>
         <size>0x14c</size>
         <input_file_ref idref="fl-cb"/>
      </object_component>
      <object_component id="oc-147">
         <name>.debug_info</name>
         <load_address>0x5de7</load_address>
         <run_address>0x5de7</run_address>
         <size>0x885</size>
         <input_file_ref idref="fl-cb"/>
      </object_component>
      <object_component id="oc-d5">
         <name>.debug_info</name>
         <load_address>0x666c</load_address>
         <run_address>0x666c</run_address>
         <size>0x2c</size>
         <input_file_ref idref="fl-cb"/>
      </object_component>
      <object_component id="oc-da">
         <name>.debug_info</name>
         <load_address>0x6698</load_address>
         <run_address>0x6698</run_address>
         <size>0x62</size>
         <input_file_ref idref="fl-cb"/>
      </object_component>
      <object_component id="oc-55">
         <name>.debug_info</name>
         <load_address>0x66fa</load_address>
         <run_address>0x66fa</run_address>
         <size>0x13f</size>
         <input_file_ref idref="fl-cc"/>
      </object_component>
      <object_component id="oc-63">
         <name>.debug_info</name>
         <load_address>0x6839</load_address>
         <run_address>0x6839</run_address>
         <size>0x138</size>
         <input_file_ref idref="fl-cd"/>
      </object_component>
      <object_component id="oc-67">
         <name>.debug_info</name>
         <load_address>0x6971</load_address>
         <run_address>0x6971</run_address>
         <size>0x148</size>
         <input_file_ref idref="fl-ce"/>
      </object_component>
      <object_component id="oc-184">
         <name>.debug_info</name>
         <load_address>0x6ab9</load_address>
         <run_address>0x6ab9</run_address>
         <size>0x3c6</size>
         <input_file_ref idref="fl-cf"/>
      </object_component>
      <object_component id="oc-14c">
         <name>.debug_info</name>
         <load_address>0x6e7f</load_address>
         <run_address>0x6e7f</run_address>
         <size>0x284</size>
         <input_file_ref idref="fl-cf"/>
      </object_component>
      <object_component id="oc-20e">
         <name>.debug_info</name>
         <load_address>0x7103</load_address>
         <run_address>0x7103</run_address>
         <size>0xae</size>
         <input_file_ref idref="fl-cf"/>
      </object_component>
      <object_component id="oc-7f">
         <name>.debug_info</name>
         <load_address>0x71b1</load_address>
         <run_address>0x71b1</run_address>
         <size>0x109</size>
         <input_file_ref idref="fl-d0"/>
      </object_component>
      <object_component id="oc-13f">
         <name>.debug_info</name>
         <load_address>0x72ba</load_address>
         <run_address>0x72ba</run_address>
         <size>0x28a</size>
         <input_file_ref idref="fl-d1"/>
      </object_component>
      <object_component id="oc-106">
         <name>.debug_info</name>
         <load_address>0x7544</load_address>
         <run_address>0x7544</run_address>
         <size>0x249</size>
         <input_file_ref idref="fl-d1"/>
      </object_component>
      <object_component id="oc-12a">
         <name>.debug_info</name>
         <load_address>0x778d</load_address>
         <run_address>0x778d</run_address>
         <size>0x2be</size>
         <input_file_ref idref="fl-d2"/>
      </object_component>
      <object_component id="oc-cc">
         <name>.debug_info</name>
         <load_address>0x7a4b</load_address>
         <run_address>0x7a4b</run_address>
         <size>0x113</size>
         <input_file_ref idref="fl-d2"/>
      </object_component>
      <object_component id="oc-125">
         <name>.debug_info</name>
         <load_address>0x7b5e</load_address>
         <run_address>0x7b5e</run_address>
         <size>0x21f</size>
         <input_file_ref idref="fl-d2"/>
      </object_component>
      <object_component id="oc-1f8">
         <name>.debug_info</name>
         <load_address>0x7d7d</load_address>
         <run_address>0x7d7d</run_address>
         <size>0x51f</size>
         <input_file_ref idref="fl-d3"/>
      </object_component>
      <object_component id="oc-17c">
         <name>.debug_info</name>
         <load_address>0x829c</load_address>
         <run_address>0x829c</run_address>
         <size>0x1543</size>
         <input_file_ref idref="fl-d3"/>
      </object_component>
      <object_component id="oc-1f9">
         <name>.debug_info</name>
         <load_address>0x97df</load_address>
         <run_address>0x97df</run_address>
         <size>0x86</size>
         <input_file_ref idref="fl-d3"/>
      </object_component>
      <object_component id="oc-203">
         <name>.debug_info</name>
         <load_address>0x9865</load_address>
         <run_address>0x9865</run_address>
         <size>0x2c</size>
         <input_file_ref idref="fl-d3"/>
      </object_component>
      <object_component id="oc-253">
         <name>.debug_info</name>
         <load_address>0x9891</load_address>
         <run_address>0x9891</run_address>
         <size>0x46</size>
         <input_file_ref idref="fl-d3"/>
      </object_component>
      <object_component id="oc-1fe">
         <name>.debug_info</name>
         <load_address>0x98d7</load_address>
         <run_address>0x98d7</run_address>
         <size>0x39</size>
         <input_file_ref idref="fl-d3"/>
      </object_component>
      <object_component id="oc-c7">
         <name>.debug_info</name>
         <load_address>0x9910</load_address>
         <run_address>0x9910</run_address>
         <size>0x300</size>
         <input_file_ref idref="fl-d4"/>
      </object_component>
      <object_component id="oc-75">
         <name>.debug_info</name>
         <load_address>0x9c10</load_address>
         <run_address>0x9c10</run_address>
         <size>0x167</size>
         <input_file_ref idref="fl-d4"/>
      </object_component>
      <object_component id="oc-11b">
         <name>.debug_info</name>
         <load_address>0x9d77</load_address>
         <run_address>0x9d77</run_address>
         <size>0x5e</size>
         <input_file_ref idref="fl-d4"/>
      </object_component>
      <object_component id="oc-bf">
         <name>.debug_info</name>
         <load_address>0x9dd5</load_address>
         <run_address>0x9dd5</run_address>
         <size>0x483</size>
         <input_file_ref idref="fl-d5"/>
      </object_component>
      <object_component id="oc-6d">
         <name>.debug_info</name>
         <load_address>0xa258</load_address>
         <run_address>0xa258</run_address>
         <size>0x190</size>
         <input_file_ref idref="fl-d5"/>
      </object_component>
      <object_component id="oc-ec">
         <name>.debug_info</name>
         <load_address>0xa3e8</load_address>
         <run_address>0xa3e8</run_address>
         <size>0x39</size>
         <input_file_ref idref="fl-d5"/>
      </object_component>
      <object_component id="oc-135">
         <name>.debug_info</name>
         <load_address>0xa421</load_address>
         <run_address>0xa421</run_address>
         <size>0x39</size>
         <input_file_ref idref="fl-d5"/>
      </object_component>
      <object_component id="oc-f1">
         <name>.debug_info</name>
         <load_address>0xa45a</load_address>
         <run_address>0xa45a</run_address>
         <size>0xcd</size>
         <input_file_ref idref="fl-d5"/>
      </object_component>
      <object_component id="oc-e8">
         <name>.debug_info</name>
         <load_address>0xa527</load_address>
         <run_address>0xa527</run_address>
         <size>0x37a</size>
         <input_file_ref idref="fl-d6"/>
      </object_component>
      <object_component id="oc-b3">
         <name>.debug_info</name>
         <load_address>0xa8a1</load_address>
         <run_address>0xa8a1</run_address>
         <size>0x183</size>
         <input_file_ref idref="fl-d6"/>
      </object_component>
      <object_component id="oc-130">
         <name>.debug_info</name>
         <load_address>0xaa24</load_address>
         <run_address>0xaa24</run_address>
         <size>0x2c</size>
         <input_file_ref idref="fl-d6"/>
      </object_component>
      <object_component id="oc-20a">
         <name>.debug_info</name>
         <load_address>0xaa50</load_address>
         <run_address>0xaa50</run_address>
         <size>0x139</size>
         <input_file_ref idref="fl-d7"/>
      </object_component>
      <object_component id="oc-181">
         <name>.debug_info</name>
         <load_address>0xab89</load_address>
         <run_address>0xab89</run_address>
         <size>0xf7</size>
         <input_file_ref idref="fl-d7"/>
      </object_component>
      <object_component id="oc-222">
         <name>.debug_info</name>
         <load_address>0xac80</load_address>
         <run_address>0xac80</run_address>
         <size>0x184</size>
         <input_file_ref idref="fl-d7"/>
      </object_component>
      <object_component id="oc-1db">
         <name>.debug_info</name>
         <load_address>0xae04</load_address>
         <run_address>0xae04</run_address>
         <size>0x144</size>
         <input_file_ref idref="fl-d8"/>
      </object_component>
      <object_component id="oc-1bd">
         <name>.debug_info</name>
         <load_address>0xaf48</load_address>
         <run_address>0xaf48</run_address>
         <size>0x120</size>
         <input_file_ref idref="fl-d9"/>
      </object_component>
      <object_component id="oc-1cc">
         <name>.debug_info</name>
         <load_address>0xb068</load_address>
         <run_address>0xb068</run_address>
         <size>0x122</size>
         <input_file_ref idref="fl-d9"/>
      </object_component>
      <object_component id="oc-1c7">
         <name>.debug_info</name>
         <load_address>0xb18a</load_address>
         <run_address>0xb18a</run_address>
         <size>0x132</size>
         <input_file_ref idref="fl-da"/>
      </object_component>
      <object_component id="oc-1c3">
         <name>.debug_info</name>
         <load_address>0xb2bc</load_address>
         <run_address>0xb2bc</run_address>
         <size>0x132</size>
         <input_file_ref idref="fl-db"/>
      </object_component>
      <object_component id="oc-1d3">
         <name>.debug_info</name>
         <load_address>0xb3ee</load_address>
         <run_address>0xb3ee</run_address>
         <size>0x126</size>
         <input_file_ref idref="fl-dc"/>
      </object_component>
      <object_component id="oc-1a8">
         <name>.debug_info</name>
         <load_address>0xb514</load_address>
         <run_address>0xb514</run_address>
         <size>0x378</size>
         <input_file_ref idref="fl-dd"/>
      </object_component>
      <object_component id="oc-171">
         <name>.debug_info</name>
         <load_address>0xb88c</load_address>
         <run_address>0xb88c</run_address>
         <size>0x23f</size>
         <input_file_ref idref="fl-dd"/>
      </object_component>
      <object_component id="oc-1b6">
         <name>.debug_info</name>
         <load_address>0xbacb</load_address>
         <run_address>0xbacb</run_address>
         <size>0x43c</size>
         <input_file_ref idref="fl-de"/>
      </object_component>
      <object_component id="oc-176">
         <name>.debug_info</name>
         <load_address>0xbf07</load_address>
         <run_address>0xbf07</run_address>
         <size>0x359</size>
         <input_file_ref idref="fl-de"/>
      </object_component>
      <object_component id="oc-1d6">
         <name>.debug_info</name>
         <load_address>0xc260</load_address>
         <run_address>0xc260</run_address>
         <size>0x124</size>
         <input_file_ref idref="fl-df"/>
      </object_component>
      <object_component id="oc-250">
         <name>.debug_info</name>
         <load_address>0xc384</load_address>
         <run_address>0xc384</run_address>
         <size>0x28b</size>
         <input_file_ref idref="fl-e0"/>
      </object_component>
      <object_component id="oc-1f4">
         <name>.debug_info</name>
         <load_address>0xc60f</load_address>
         <run_address>0xc60f</run_address>
         <size>0x1ab</size>
         <input_file_ref idref="fl-e0"/>
      </object_component>
      <object_component id="oc-230">
         <name>.debug_info</name>
         <load_address>0xc7ba</load_address>
         <run_address>0xc7ba</run_address>
         <size>0x29a</size>
         <input_file_ref idref="fl-e1"/>
      </object_component>
      <object_component id="oc-1b0">
         <name>.debug_info</name>
         <load_address>0xca54</load_address>
         <run_address>0xca54</run_address>
         <size>0x242</size>
         <input_file_ref idref="fl-e1"/>
      </object_component>
      <object_component id="oc-23c">
         <name>.debug_info</name>
         <load_address>0xcc96</load_address>
         <run_address>0xcc96</run_address>
         <size>0x2d9</size>
         <input_file_ref idref="fl-e2"/>
      </object_component>
      <object_component id="oc-1e1">
         <name>.debug_info</name>
         <load_address>0xcf6f</load_address>
         <run_address>0xcf6f</run_address>
         <size>0x18a</size>
         <input_file_ref idref="fl-e2"/>
      </object_component>
      <object_component id="oc-23d">
         <name>.debug_info</name>
         <load_address>0xd0f9</load_address>
         <run_address>0xd0f9</run_address>
         <size>0x2c</size>
         <input_file_ref idref="fl-e2"/>
      </object_component>
      <object_component id="oc-24c">
         <name>.debug_info</name>
         <load_address>0xd125</load_address>
         <run_address>0xd125</run_address>
         <size>0x316</size>
         <input_file_ref idref="fl-e3"/>
      </object_component>
      <object_component id="oc-1e9">
         <name>.debug_info</name>
         <load_address>0xd43b</load_address>
         <run_address>0xd43b</run_address>
         <size>0x1d5</size>
         <input_file_ref idref="fl-e3"/>
      </object_component>
      <object_component id="oc-bb">
         <name>.debug_info</name>
         <load_address>0xd610</load_address>
         <run_address>0xd610</run_address>
         <size>0x145</size>
         <input_file_ref idref="fl-e4"/>
      </object_component>
      <object_component id="oc-24e">
         <name>.debug_info</name>
         <load_address>0xd755</load_address>
         <run_address>0xd755</run_address>
         <size>0x28f</size>
         <input_file_ref idref="fl-e5"/>
      </object_component>
      <object_component id="oc-1ee">
         <name>.debug_info</name>
         <load_address>0xd9e4</load_address>
         <run_address>0xd9e4</run_address>
         <size>0x244</size>
         <input_file_ref idref="fl-e5"/>
      </object_component>
      <object_component id="oc-22e">
         <name>.debug_info</name>
         <load_address>0xdc28</load_address>
         <run_address>0xdc28</run_address>
         <size>0x284</size>
         <input_file_ref idref="fl-e6"/>
      </object_component>
      <object_component id="oc-1ac">
         <name>.debug_info</name>
         <load_address>0xdeac</load_address>
         <run_address>0xdeac</run_address>
         <size>0x22a</size>
         <input_file_ref idref="fl-e6"/>
      </object_component>
      <object_component id="oc-1b8">
         <name>.debug_info</name>
         <load_address>0xe0d6</load_address>
         <run_address>0xe0d6</run_address>
         <size>0x17d</size>
         <input_file_ref idref="fl-e7"/>
      </object_component>
      <object_component id="oc-22a">
         <name>.debug_info</name>
         <load_address>0xe253</load_address>
         <run_address>0xe253</run_address>
         <size>0x4c5</size>
         <input_file_ref idref="fl-e8"/>
      </object_component>
      <object_component id="oc-276">
         <name>.debug_info</name>
         <load_address>0xe718</load_address>
         <run_address>0xe718</run_address>
         <size>0xf8</size>
         <input_file_ref idref="fl-e8"/>
      </object_component>
      <object_component id="oc-227">
         <name>.debug_info</name>
         <load_address>0xe810</load_address>
         <run_address>0xe810</run_address>
         <size>0xf8</size>
         <input_file_ref idref="fl-e8"/>
      </object_component>
      <object_component id="oc-1a4">
         <name>.debug_info</name>
         <load_address>0xe908</load_address>
         <run_address>0xe908</run_address>
         <size>0x184</size>
         <input_file_ref idref="fl-e8"/>
      </object_component>
      <object_component id="oc-27c">
         <name>.debug_info</name>
         <load_address>0xea8c</load_address>
         <run_address>0xea8c</run_address>
         <size>0x120</size>
         <input_file_ref idref="fl-e8"/>
      </object_component>
      <object_component id="oc-281">
         <name>.debug_info</name>
         <load_address>0xebac</load_address>
         <run_address>0xebac</run_address>
         <size>0x2c</size>
         <input_file_ref idref="fl-e8"/>
      </object_component>
      <object_component id="oc-220">
         <name>.debug_info</name>
         <load_address>0xebd8</load_address>
         <run_address>0xebd8</run_address>
         <size>0x2eb</size>
         <input_file_ref idref="fl-e9"/>
      </object_component>
      <object_component id="oc-196">
         <name>.debug_info</name>
         <load_address>0xeec3</load_address>
         <run_address>0xeec3</run_address>
         <size>0x230</size>
         <input_file_ref idref="fl-e9"/>
      </object_component>
      <object_component id="oc-26a">
         <name>.debug_info</name>
         <load_address>0xf0f3</load_address>
         <run_address>0xf0f3</run_address>
         <size>0xbb</size>
         <input_file_ref idref="fl-e9"/>
      </object_component>
      <object_component id="oc-249">
         <name>.debug_info</name>
         <load_address>0xf1ae</load_address>
         <run_address>0xf1ae</run_address>
         <size>0xf3</size>
         <input_file_ref idref="fl-ea"/>
      </object_component>
      <object_component id="oc-225">
         <name>.debug_info</name>
         <load_address>0xf2a1</load_address>
         <run_address>0xf2a1</run_address>
         <size>0x33c</size>
         <input_file_ref idref="fl-eb"/>
      </object_component>
      <object_component id="oc-19f">
         <name>.debug_info</name>
         <load_address>0xf5dd</load_address>
         <run_address>0xf5dd</run_address>
         <size>0x25a</size>
         <input_file_ref idref="fl-eb"/>
      </object_component>
      <object_component id="oc-261">
         <name>.debug_info</name>
         <load_address>0xf837</load_address>
         <run_address>0xf837</run_address>
         <size>0x319</size>
         <input_file_ref idref="fl-ec"/>
      </object_component>
      <object_component id="oc-214">
         <name>.debug_info</name>
         <load_address>0xfb50</load_address>
         <run_address>0xfb50</run_address>
         <size>0x1e1</size>
         <input_file_ref idref="fl-ec"/>
      </object_component>
      <object_component id="oc-2fd">
         <name>.debug_info</name>
         <load_address>0xfd31</load_address>
         <run_address>0xfd31</run_address>
         <size>0x368</size>
         <input_file_ref idref="fl-ed"/>
      </object_component>
      <object_component id="oc-2b2">
         <name>.debug_info</name>
         <load_address>0x10099</load_address>
         <run_address>0x10099</run_address>
         <size>0x1b1</size>
         <input_file_ref idref="fl-ed"/>
      </object_component>
      <object_component id="oc-303">
         <name>.debug_info</name>
         <load_address>0x1024a</load_address>
         <run_address>0x1024a</run_address>
         <size>0x36d</size>
         <input_file_ref idref="fl-ee"/>
      </object_component>
      <object_component id="oc-2c5">
         <name>.debug_info</name>
         <load_address>0x105b7</load_address>
         <run_address>0x105b7</run_address>
         <size>0x205</size>
         <input_file_ref idref="fl-ee"/>
      </object_component>
      <object_component id="oc-2f9">
         <name>.debug_info</name>
         <load_address>0x107bc</load_address>
         <run_address>0x107bc</run_address>
         <size>0x3cb</size>
         <input_file_ref idref="fl-ef"/>
      </object_component>
      <object_component id="oc-2ab">
         <name>.debug_info</name>
         <load_address>0x10b87</load_address>
         <run_address>0x10b87</run_address>
         <size>0x201</size>
         <input_file_ref idref="fl-ef"/>
      </object_component>
      <object_component id="oc-2ff">
         <name>.debug_info</name>
         <load_address>0x10d88</load_address>
         <run_address>0x10d88</run_address>
         <size>0x36c</size>
         <input_file_ref idref="fl-f0"/>
      </object_component>
      <object_component id="oc-2b9">
         <name>.debug_info</name>
         <load_address>0x110f4</load_address>
         <run_address>0x110f4</run_address>
         <size>0x1f0</size>
         <input_file_ref idref="fl-f0"/>
      </object_component>
      <object_component id="oc-30d">
         <name>.debug_info</name>
         <load_address>0x112e4</load_address>
         <run_address>0x112e4</run_address>
         <size>0x3f3</size>
         <input_file_ref idref="fl-f1"/>
      </object_component>
      <object_component id="oc-2d1">
         <name>.debug_info</name>
         <load_address>0x116d7</load_address>
         <run_address>0x116d7</run_address>
         <size>0x22b</size>
         <input_file_ref idref="fl-f1"/>
      </object_component>
      <object_component id="oc-305">
         <name>.debug_info</name>
         <load_address>0x11902</load_address>
         <run_address>0x11902</run_address>
         <size>0x3be</size>
         <input_file_ref idref="fl-f2"/>
      </object_component>
      <object_component id="oc-2ca">
         <name>.debug_info</name>
         <load_address>0x11cc0</load_address>
         <run_address>0x11cc0</run_address>
         <size>0x1bb</size>
         <input_file_ref idref="fl-f2"/>
      </object_component>
      <object_component id="oc-301">
         <name>.debug_info</name>
         <load_address>0x11e7b</load_address>
         <run_address>0x11e7b</run_address>
         <size>0x36d</size>
         <input_file_ref idref="fl-f3"/>
      </object_component>
      <object_component id="oc-2bd">
         <name>.debug_info</name>
         <load_address>0x121e8</load_address>
         <run_address>0x121e8</run_address>
         <size>0x1f5</size>
         <input_file_ref idref="fl-f3"/>
      </object_component>
      <object_component id="oc-296">
         <name>.debug_info</name>
         <load_address>0x123dd</load_address>
         <run_address>0x123dd</run_address>
         <size>0x38c</size>
         <input_file_ref idref="fl-f4"/>
      </object_component>
      <object_component id="oc-25b">
         <name>.debug_info</name>
         <load_address>0x12769</load_address>
         <run_address>0x12769</run_address>
         <size>0x18a</size>
         <input_file_ref idref="fl-f4"/>
      </object_component>
      <object_component id="oc-244">
         <name>.debug_info</name>
         <load_address>0x128f3</load_address>
         <run_address>0x128f3</run_address>
         <size>0x156</size>
         <input_file_ref idref="fl-f5"/>
      </object_component>
      <object_component id="oc-269">
         <name>.debug_info</name>
         <load_address>0x12a49</load_address>
         <run_address>0x12a49</run_address>
         <size>0x35a</size>
         <input_file_ref idref="fl-f6"/>
      </object_component>
      <object_component id="oc-21b">
         <name>.debug_info</name>
         <load_address>0x12da3</load_address>
         <run_address>0x12da3</run_address>
         <size>0x200</size>
         <input_file_ref idref="fl-f6"/>
      </object_component>
      <object_component id="oc-336">
         <name>.debug_info</name>
         <load_address>0x12fa3</load_address>
         <run_address>0x12fa3</run_address>
         <size>0x28a</size>
         <input_file_ref idref="fl-f7"/>
      </object_component>
      <object_component id="oc-308">
         <name>.debug_info</name>
         <load_address>0x1322d</load_address>
         <run_address>0x1322d</run_address>
         <size>0x231</size>
         <input_file_ref idref="fl-f7"/>
      </object_component>
      <object_component id="oc-328">
         <name>.debug_info</name>
         <load_address>0x1345e</load_address>
         <run_address>0x1345e</run_address>
         <size>0x2b0</size>
         <input_file_ref idref="fl-f8"/>
      </object_component>
      <object_component id="oc-325">
         <name>.debug_info</name>
         <load_address>0x1370e</load_address>
         <run_address>0x1370e</run_address>
         <size>0xfd</size>
         <input_file_ref idref="fl-f8"/>
      </object_component>
      <object_component id="oc-2f6">
         <name>.debug_info</name>
         <load_address>0x1380b</load_address>
         <run_address>0x1380b</run_address>
         <size>0x281</size>
         <input_file_ref idref="fl-f8"/>
      </object_component>
      <object_component id="oc-2a7">
         <name>.debug_info</name>
         <load_address>0x13a8c</load_address>
         <run_address>0x13a8c</run_address>
         <size>0x3d6</size>
         <input_file_ref idref="fl-f9"/>
      </object_component>
      <object_component id="oc-263">
         <name>.debug_info</name>
         <load_address>0x13e62</load_address>
         <run_address>0x13e62</run_address>
         <size>0x455</size>
         <input_file_ref idref="fl-f9"/>
      </object_component>
      <object_component id="oc-2e0">
         <name>.debug_info</name>
         <load_address>0x142b7</load_address>
         <run_address>0x142b7</run_address>
         <size>0x3f7</size>
         <input_file_ref idref="fl-fa"/>
      </object_component>
      <object_component id="oc-29b">
         <name>.debug_info</name>
         <load_address>0x146ae</load_address>
         <run_address>0x146ae</run_address>
         <size>0x23a</size>
         <input_file_ref idref="fl-fa"/>
      </object_component>
      <object_component id="oc-2ef">
         <name>.debug_info</name>
         <load_address>0x148e8</load_address>
         <run_address>0x148e8</run_address>
         <size>0x39a</size>
         <input_file_ref idref="fl-fb"/>
      </object_component>
      <object_component id="oc-2a0">
         <name>.debug_info</name>
         <load_address>0x14c82</load_address>
         <run_address>0x14c82</run_address>
         <size>0x298</size>
         <input_file_ref idref="fl-fb"/>
      </object_component>
      <object_component id="oc-31b">
[...]
         <object_component_ref idref="oc-c0"/>
      </symbol>
      <symbol id="sm-189">
         <name>main</name>
         <value>0x24c9</value>
         <object_component_ref idref="oc-c0"/>
      </symbol>
      <symbol id="sm-18a">
         <name>error_flag</name>
         <value>0x200007f8</value>
         <object_component_ref idref="oc-114"/>
      </symbol>
      <symbol id="sm-18b">
         <name>is_operator</name>
         <value>0x2515</value>
         <object_component_ref idref="oc-c0"/>
      </symbol>
      <symbol id="sm-18c">
         <name>operation</name>
         <value>0x26fb</value>
         <object_component_ref idref="oc-c0"/>
      </symbol>
      <symbol id="sm-1ad">
         <name>ResetISR</name>
         <value>0x4523</value>
         <object_component_ref idref="oc-2e"/>
      </symbol>
      <symbol id="sm-1ae">
         <name>g_pfnVectors</name>
         <value>0x0</value>
         <object_component_ref idref="oc-f"/>
      </symbol>
      <symbol id="sm-1c4">
         <name>atoi</name>
         <value>0x41cd</value>
         <object_component_ref idref="oc-108"/>
      </symbol>
      <symbol id="sm-1d5">
         <name>_c_int00</name>
         <value>0x40d1</value>
         <object_component_ref idref="oc-24"/>
      </symbol>
      <symbol id="sm-1d6">
         <name>__stack</name>
         <value>0x20000400</value>
         <object_component_ref idref="oc-2a"/>
      </symbol>
      <symbol id="sm-1f4">
         <name>__TI_decompress_lzss</name>
         <value>0x3d65</value>
         <object_component_ref idref="oc-12"/>
      </symbol>
      <symbol id="sm-20b">
         <name>__TI_decompress_none</name>
         <value>0x4509</value>
         <object_component_ref idref="oc-18"/>
      </symbol>
      <symbol id="sm-21d">
         <name>__TI_zero_init</name>
         <value>0x4517</value>
         <object_component_ref idref="oc-1e"/>
      </symbol>
      <symbol id="sm-228">
         <name>_ctypes_</name>
         <value>0x4532</value>
         <object_component_ref idref="oc-140"/>
      </symbol>
      <symbol id="sm-249">
         <name>C$$EXIT</name>
         <value>0x4125</value>
         <object_component_ref idref="oc-78"/>
      </symbol>
      <symbol id="sm-24a">
         <name>abort</name>
         <value>0x4129</value>
         <object_component_ref idref="oc-78"/>
      </symbol>
      <symbol id="sm-24b">
         <name>exit</name>
         <value>0x4131</value>
         <object_component_ref idref="oc-78"/>
      </symbol>
      <symbol id="sm-24c">
         <name>__TI_dtors_ptr</name>
         <value>0x200007cc</value>
         <object_component_ref idref="oc-c8"/>
      </symbol>
      <symbol id="sm-24d">
         <name>__TI_cleanup_ptr</name>
         <value>0x200007c8</value>
         <object_component_ref idref="oc-c8"/>
      </symbol>
      <symbol id="sm-24e">
         <name>__TI_enable_exit_profile_output</name>
         <value>0x200007d0</value>
         <object_component_ref idref="oc-c8"/>
      </symbol>
      <symbol id="sm-25d">
         <name>ltoa</name>
         <value>0x4179</value>
         <object_component_ref idref="oc-fc"/>
      </symbol>
      <symbol id="sm-278">
         <name>memcpy</name>
         <value>0x3855</value>
         <object_component_ref idref="oc-48"/>
      </symbol>
      <symbol id="sm-279">
         <name>__aeabi_memcpy</name>
         <value>0x3855</value>
         <object_component_ref idref="oc-48"/>
      </symbol>
      <symbol id="sm-27a">
         <name>__aeabi_memcpy8</name>
         <value>0x3855</value>
         <object_component_ref idref="oc-48"/>
      </symbol>
      <symbol id="sm-27b">
         <name>__aeabi_memcpy4</name>
         <value>0x3855</value>
         <object_component_ref idref="oc-48"/>
      </symbol>
      <symbol id="sm-2ef">
         <name>_sys_memory</name>
         <value>0x20000000</value>
         <object_component_ref idref="oc-2b"/>
      </symbol>
      <symbol id="sm-2f0">
         <name>free</name>
         <value>0x1ec7</value>
         <object_component_ref idref="oc-145"/>
      </symbol>
      <symbol id="sm-2f1">
         <name>realloc</name>
         <value>0x1f89</value>
         <object_component_ref idref="oc-145"/>
      </symbol>
      <symbol id="sm-2f2">
         <name>memalign</name>
         <value>0x2091</value>
         <object_component_ref idref="oc-145"/>
      </symbol>
      <symbol id="sm-2f3">
         <name>calloc</name>
         <value>0x217d</value>
         <object_component_ref idref="oc-145"/>
      </symbol>
      <symbol id="sm-2f4">
         <name>malloc</name>
         <value>0x1e5d</value>
         <object_component_ref idref="oc-145"/>
      </symbol>
      <symbol id="sm-2f5">
         <name>minit</name>
         <value>0x1ddd</value>
         <object_component_ref idref="oc-145"/>
      </symbol>
      <symbol id="sm-304">
         <name>__aeabi_memset</name>
         <value>0x3b2f</value>
         <object_component_ref idref="oc-54"/>
      </symbol>
      <symbol id="sm-305">
         <name>memset</name>
         <value>0x3b35</value>
         <object_component_ref idref="oc-54"/>
      </symbol>
      <symbol id="sm-306">
         <name>__aeabi_memset8</name>
         <value>0x3b2f</value>
         <object_component_ref idref="oc-54"/>
      </symbol>
      <symbol id="sm-307">
         <name>__aeabi_memset4</name>
         <value>0x3b2f</value>
         <object_component_ref idref="oc-54"/>
      </symbol>
      <symbol id="sm-308">
         <name>__aeabi_memclr8</name>
         <value>0x3b2d</value>
         <object_component_ref idref="oc-54"/>
      </symbol>
      <symbol id="sm-309">
         <name>__aeabi_memclr4</name>
         <value>0x3b2d</value>
         <object_component_ref idref="oc-54"/>
      </symbol>
      <symbol id="sm-30a">
         <name>__aeabi_memclr</name>
         <value>0x3b2d</value>
         <object_component_ref idref="oc-54"/>
      </symbol>
      <symbol id="sm-314">
         <name>__mpu_init</name>
         <value>0x13ab</value>
         <object_component_ref idref="oc-60"/>
      </symbol>
      <symbol id="sm-31e">
         <name>_system_pre_init</name>
         <value>0x452f</value>
         <object_component_ref idref="oc-66"/>
      </symbol>
      <symbol id="sm-33c">
         <name>printf</name>
         <value>0x3c91</value>
         <object_component_ref idref="oc-14b"/>
      </symbol>
      <symbol id="sm-344">
         <name>main_func_sp</name>
         <value>0x200007f4</value>
         <object_component_ref idref="oc-7e"/>
      </symbol>
      <symbol id="sm-354">
         <name>strcat</name>
         <value>0x4435</value>
         <object_component_ref idref="oc-102"/>
      </symbol>
      <symbol id="sm-36d">
         <name>_nop</name>
         <value>0x44c7</value>
         <object_component_ref idref="oc-122"/>
      </symbol>
      <symbol id="sm-36e">
         <name>_lock</name>
         <value>0x200007e0</value>
         <object_component_ref idref="oc-cb"/>
      </symbol>
      <symbol id="sm-36f">
         <name>_unlock</name>
         <value>0x200007e4</value>
         <object_component_ref idref="oc-cb"/>
      </symbol>
      <symbol id="sm-370">
         <name>_register_lock</name>
         <value>0x44bf</value>
         <object_component_ref idref="oc-122"/>
      </symbol>
      <symbol id="sm-371">
         <name>_register_unlock</name>
         <value>0x44b9</value>
         <object_component_ref idref="oc-122"/>
      </symbol>
      <symbol id="sm-477">
         <name>__TI_printfi</name>
         <value>0xab1</value>
         <object_component_ref idref="oc-17a"/>
      </symbol>
      <symbol id="sm-48b">
         <name>_args_main</name>
         <value>0x4471</value>
         <object_component_ref idref="oc-72"/>
      </symbol>
      <symbol id="sm-4b5">
         <name>__TI_auto_init</name>
         <value>0x3ba9</value>
         <object_component_ref idref="oc-6c"/>
      </symbol>
      <symbol id="sm-4cf">
         <name>copy_in</name>
         <value>0x4219</value>
         <object_component_ref idref="oc-b2"/>
      </symbol>
      <symbol id="sm-4e4">
         <name>__TI_tmpnams</name>
         <value>0x2000091c</value>
      </symbol>
      <symbol id="sm-4e5">
         <name>__aeabi_stdout</name>
         <value>0x200007c0</value>
         <object_component_ref idref="oc-221"/>
      </symbol>
      <symbol id="sm-4e6">
         <name>__aeabi_stderr</name>
         <value>0x200007c4</value>
         <object_component_ref idref="oc-221"/>
      </symbol>
      <symbol id="sm-4e7">
         <name>__aeabi_stdin</name>
         <value>0x200007bc</value>
         <object_component_ref idref="oc-221"/>
      </symbol>
      <symbol id="sm-4e8">
         <name>_ftable</name>
         <value>0x20000600</value>
         <object_component_ref idref="oc-180"/>
      </symbol>
      <symbol id="sm-4e9">
         <name>__TI_ft_end</name>
         <value>0x200007b8</value>
         <object_component_ref idref="oc-221"/>
      </symbol>
      <symbol id="sm-500">
         <name>__aeabi_dsub</name>
         <value>0x2f31</value>
         <object_component_ref idref="oc-1da"/>
      </symbol>
      <symbol id="sm-501">
         <name>__aeabi_dadd</name>
         <value>0x2f3b</value>
         <object_component_ref idref="oc-1da"/>
      </symbol>
      <symbol id="sm-523">
         <name>__aeabi_cdcmpeq</name>
         <value>0x3a21</value>
         <object_component_ref idref="oc-1bc"/>
      </symbol>
      <symbol id="sm-524">
         <name>__aeabi_cdcmple</name>
         <value>0x3a21</value>
         <object_component_ref idref="oc-1bc"/>
      </symbol>
      <symbol id="sm-525">
         <name>__aeabi_cdrcmple</name>
         <value>0x3aa7</value>
         <object_component_ref idref="oc-1cb"/>
      </symbol>
      <symbol id="sm-539">
         <name>__aeabi_ddiv</name>
         <value>0x30e7</value>
         <object_component_ref idref="oc-1c6"/>
      </symbol>
      <symbol id="sm-544">
         <name>__aeabi_dmul</name>
         <value>0x3351</value>
         <object_component_ref idref="oc-1c1"/>
      </symbol>
      <symbol id="sm-54e">
         <name>__aeabi_d2iz</name>
         <value>0x4265</value>
         <object_component_ref idref="oc-1d0"/>
      </symbol>
      <symbol id="sm-565">
         <name>putc</name>
         <value>0x3989</value>
         <object_component_ref idref="oc-16e"/>
      </symbol>
      <symbol id="sm-566">
         <name>fputc</name>
         <value>0x3989</value>
         <object_component_ref idref="oc-16e"/>
      </symbol>
      <symbol id="sm-567">
         <name>putchar</name>
         <value>0x3a0d</value>
         <object_component_ref idref="oc-16e"/>
      </symbol>
      <symbol id="sm-589">
         <name>puts</name>
         <value>0x3329</value>
         <object_component_ref idref="oc-174"/>
      </symbol>
      <symbol id="sm-58a">
         <name>fputs</name>
         <value>0x321d</value>
         <object_component_ref idref="oc-174"/>
      </symbol>
      <symbol id="sm-594">
         <name>__aeabi_i2d</name>
         <value>0x436b</value>
         <object_component_ref idref="oc-1d5"/>
      </symbol>
      <symbol id="sm-5a4">
         <name>memccpy</name>
         <value>0x4453</value>
         <object_component_ref idref="oc-1f1"/>
      </symbol>
      <symbol id="sm-5b4">
         <name>memchr</name>
         <value>0x4415</value>
         <object_component_ref idref="oc-1af"/>
      </symbol>
      <symbol id="sm-5cf">
         <name>frexpl</name>
         <value>0x3f01</value>
         <object_component_ref idref="oc-1df"/>
      </symbol>
      <symbol id="sm-5d0">
         <name>frexp</name>
         <value>0x3f01</value>
         <object_component_ref idref="oc-1df"/>
      </symbol>
      <symbol id="sm-5ed">
         <name>scalbn</name>
         <value>0x344d</value>
         <object_component_ref idref="oc-1e5"/>
      </symbol>
      <symbol id="sm-5ee">
         <name>scalbnl</name>
         <value>0x344d</value>
         <object_component_ref idref="oc-1e5"/>
      </symbol>
      <symbol id="sm-5ef">
         <name>ldexpl</name>
         <value>0x344d</value>
         <object_component_ref idref="oc-1e5"/>
      </symbol>
      <symbol id="sm-5f0">
         <name>ldexp</name>
         <value>0x344d</value>
         <object_component_ref idref="oc-1e5"/>
      </symbol>
      <symbol id="sm-5fa">
         <name>_system_post_cinit</name>
         <value>0x24c7</value>
         <object_component_ref idref="oc-b8"/>
      </symbol>
      <symbol id="sm-60a">
         <name>strchr</name>
         <value>0x44a1</value>
         <object_component_ref idref="oc-1eb"/>
      </symbol>
      <symbol id="sm-618">
         <name>strlen</name>
         <value>0x44f5</value>
         <object_component_ref idref="oc-1a9"/>
      </symbol>
      <symbol id="sm-634">
         <name>__aeabi_uldivmod</name>
         <value>0x27bd</value>
         <object_component_ref idref="oc-1b7"/>
      </symbol>
      <symbol id="sm-65a">
         <name>_stream</name>
         <value>0x20000768</value>
         <object_component_ref idref="oc-226"/>
      </symbol>
      <symbol id="sm-65b">
         <name>_device</name>
         <value>0x200006f0</value>
         <object_component_ref idref="oc-275"/>
      </symbol>
      <symbol id="sm-65c">
         <name>write</name>
         <value>0x43ed</value>
         <object_component_ref idref="oc-1a1"/>
      </symbol>
      <symbol id="sm-67a">
         <name>__TI_wrt_ok</name>
         <value>0x37a9</value>
         <object_component_ref idref="oc-195"/>
      </symbol>
      <symbol id="sm-67b">
         <name>__TI_rd_ok</name>
         <value>0x380b</value>
         <object_component_ref idref="oc-195"/>
      </symbol>
      <symbol id="sm-683">
         <name>errno</name>
         <value>0x200007e8</value>
         <object_component_ref idref="oc-248"/>
      </symbol>
      <symbol id="sm-69d">
         <name>__TI_doflush</name>
         <value>0x3625</value>
         <object_component_ref idref="oc-19b"/>
      </symbol>
      <symbol id="sm-69e">
         <name>fflush</name>
         <value>0x3671</value>
         <object_component_ref idref="oc-19b"/>
      </symbol>
      <symbol id="sm-6b0">
         <name>fseek</name>
         <value>0x3e9d</value>
         <object_component_ref idref="oc-213"/>
      </symbol>
      <symbol id="sm-6c1">
         <name>HOSTclose</name>
         <value>0x42ad</value>
         <object_component_ref idref="oc-2b0"/>
      </symbol>
      <symbol id="sm-6d2">
         <name>HOSTlseek</name>
         <value>0x3dcd</value>
         <object_component_ref idref="oc-2c2"/>
      </symbol>
      <symbol id="sm-6e4">
         <name>parmbuf</name>
         <value>0x200009bc</value>
      </symbol>
      <symbol id="sm-6e5">
         <name>HOSTopen</name>
         <value>0x3f65</value>
         <object_component_ref idref="oc-2aa"/>
      </symbol>
      <symbol id="sm-6f6">
         <name>HOSTread</name>
         <value>0x4021</value>
         <object_component_ref idref="oc-2b6"/>
      </symbol>
      <symbol id="sm-707">
         <name>HOSTrename</name>
         <value>0x3cf9</value>
         <object_component_ref idref="oc-2ce"/>
      </symbol>
      <symbol id="sm-718">
         <name>HOSTunlink</name>
         <value>0x42f1</value>
         <object_component_ref idref="oc-2c8"/>
      </symbol>
      <symbol id="sm-729">
         <name>HOSTwrite</name>
         <value>0x4079</value>
         <object_component_ref idref="oc-2bc"/>
      </symbol>
      <symbol id="sm-739">
         <name>lseek</name>
         <value>0x43c5</value>
         <object_component_ref idref="oc-25a"/>
      </symbol>
      <symbol id="sm-743">
         <name>copysign</name>
         <value>0x44cd</value>
         <object_component_ref idref="oc-242"/>
      </symbol>
      <symbol id="sm-744">
         <name>copysignl</name>
         <value>0x44cd</value>
         <object_component_ref idref="oc-242"/>
      </symbol>
      <symbol id="sm-760">
         <name>setvbuf</name>
         <value>0x3549</value>
         <object_component_ref idref="oc-219"/>
      </symbol>
      <symbol id="sm-76e">
         <name>strcpy</name>
         <value>0x44e1</value>
         <object_component_ref idref="oc-306"/>
      </symbol>
      <symbol id="sm-789">
         <name>__TI_readmsg</name>
         <value>0x3e67</value>
         <object_component_ref idref="oc-2f2"/>
      </symbol>
      <symbol id="sm-78a">
         <name>C$$IO$$</name>
         <value>0x3e63</value>
         <object_component_ref idref="oc-2f2"/>
      </symbol>
      <symbol id="sm-78b">
         <name>__CIOBUF_</name>
         <value>0x200007fc</value>
         <object_component_ref idref="oc-324"/>
      </symbol>
      <symbol id="sm-78c">
         <name>__TI_writemsg</name>
         <value>0x3e35</value>
         <object_component_ref idref="oc-2f2"/>
      </symbol>
      <symbol id="sm-7be">
         <name>__TI_cleanup</name>
         <value>0x2e35</value>
         <object_component_ref idref="oc-262"/>
      </symbol>
      <symbol id="sm-7bf">
         <name>freopen</name>
         <value>0x2e61</value>
         <object_component_ref idref="oc-262"/>
      </symbol>
      <symbol id="sm-7c0">
         <name>fopen</name>
         <value>0x2e8b</value>
         <object_component_ref idref="oc-262"/>
      </symbol>
      <symbol id="sm-7dd">
         <name>open</name>
         <value>0x36ed</value>
         <object_component_ref idref="oc-299"/>
      </symbol>
      <symbol id="sm-7f3">
         <name>__TI_closefile</name>
         <value>0x38f1</value>
         <object_component_ref idref="oc-29f"/>
      </symbol>
      <symbol id="sm-7f4">
         <name>fclose</name>
         <value>0x3957</value>
         <object_component_ref idref="oc-29f"/>
      </symbol>
      <symbol id="sm-80e">
         <name>finddevice</name>
         <value>0x3c19</value>
         <object_component_ref idref="oc-2d8"/>
      </symbol>
      <symbol id="sm-80f">
         <name>getdevice</name>
         <value>0x3c43</value>
         <object_component_ref idref="oc-2d8"/>
      </symbol>
      <symbol id="sm-81f">
         <name>strcmp</name>
         <value>0x4489</value>
         <object_component_ref idref="oc-30e"/>
      </symbol>
      <symbol id="sm-82f">
         <name>strncpy</name>
         <value>0x4335</value>
         <object_component_ref idref="oc-314"/>
      </symbol>
      <symbol id="sm-83f">
         <name>unlink</name>
         <value>0x4399</value>
         <object_component_ref idref="oc-2e7"/>
      </symbol>
      <symbol id="sm-853">
         <name>close</name>
         <value>0x3fc5</value>
         <object_component_ref idref="oc-2e1"/>
      </symbol>
      <symbol id="sm-854">
         <name>__TI_static_base__</name>
         <value>0x0</value>
      </symbol>
      <symbol id="sm-857">
         <name>SHT$$INIT_ARRAY$$Limit</name>
         <value>0x0</value>
      </symbol>
      <symbol id="sm-858">
         <name>SHT$$INIT_ARRAY$$Base</name>
         <value>0x0</value>
      </symbol>
      <symbol id="sm-859">
         <name>remove</name>
         <value>0x4399</value>
      </symbol>
   </symbol_table>
   <title>Link successful</title>
</link_info>
