******************************************************************************
                  TI ARM Linker PC v16.9.4                     
******************************************************************************
>> Linked Thu Aug 24 23:00:43 2023

OUTPUT FILE NAME:   <stop_watch.out>
ENTRY POINT SYMBOL: "_c_int00"  address: 00001999


MEMORY CONFIGURATION

         name            origin    length      used     unused   attr    fill
----------------------  --------  ---------  --------  --------  ----  --------
  FLASH                 00000000   00040000  00001bac  0003e454  R  X
  SRAM                  20000000   00008000  00000220  00007de0  RW X


SEGMENT ALLOCATION MAP

run origin  load origin   length   init length attrs members
----------  ----------- ---------- ----------- ----- -------
00000000    00000000    00001bac   00001bac    r-x
  00000000    00000000    0000026c   0000026c    r-- .intvecs
  0000026c    0000026c    0000190e   0000190e    r-x .text
  00001b7a    00001b7a    0000000e   0000000e    r-- .const
  00001b88    00001b88    00000024   00000024    r-- .cinit
20000000    20000000    00000220   00000000    rw-
  20000000    20000000    00000200   00000000    rw- .stack
  20000200    20000200    00000020   00000000    rw- .data


SECTION ALLOCATION MAP

 output                                  attributes/
section   page    origin      length       input sections
--------  ----  ----------  ----------   ----------------
.intvecs   0    00000000    0000026c     
                  00000000    0000026c     tm4c123gh6pm_startup_ccs.obj (.intvecs)

.text      0    0000026c    0000190e     
                  0000026c    00000a30     DIO.obj (.text)
                  00000c9c    0000065c     EXTI.obj (.text)
                  000012f8    0000031a     lcd.obj (.text)
                  00001612    00000002     rtsv7M4_T_le_v4SPD16_eabi.lib : mpu_init.obj (.text)
                  00001614    00000210     main.obj (.text)
                  00001824    0000009c     rtsv7M4_T_le_v4SPD16_eabi.lib : memcpy_t2.obj (.text)
                  000018c0    00000070                                   : autoinit.obj (.text)
                  00001930    00000068                                   : copy_decompress_lzss.obj (.text:decompress:lzss)
                  00001998    00000054                                   : boot.obj (.text)
                  000019ec    00000054                                   : exit.obj (.text)
                  00001a40    00000054                                   : ltoa.obj (.text)
                  00001a94    0000004c                                   : cpy_tbl.obj (.text)
                  00001ae0    00000030     systick.obj (.text)
                  00001b10    0000001e     rtsv7M4_T_le_v4SPD16_eabi.lib : strcat.obj (.text)
                  00001b2e    00000002                                   : startup.obj (.text)
                  00001b30    00000018                                   : args_main.obj (.text)
                  00001b48    00000014                                   : _lock.obj (.text)
                  00001b5c    0000000e                                   : copy_decompress_none.obj (.text:decompress:none)
                  00001b6a    0000000c     tm4c123gh6pm_startup_ccs.obj (.text)
                  00001b76    00000004     rtsv7M4_T_le_v4SPD16_eabi.lib : pre_init.obj (.text)

.const     0    00001b7a    0000000e     
                  00001b7a    0000000a     main.obj (.const:.string:$P$T0$1)
                  00001b84    00000002     main.obj (.const:.string:$P$T1$2)
                  00001b86    00000002     main.obj (.const:.string:$P$T2$3)

.cinit     0    00001b88    00000024     
                  00001b88    00000014     (.cinit..data.load) [load image, compression = lzss]
                  00001b9c    00000008     (__TI_handler_table)
                  00001ba4    00000008     (__TI_cinit_table)

.init_array 
*          0    00000000    00000000     UNINITIALIZED

.stack     0    20000000    00000200     UNINITIALIZED
                  20000000    00000200     --HOLE--

.data      0    20000200    00000020     UNINITIALIZED
                  20000200    0000000c     rtsv7M4_T_le_v4SPD16_eabi.lib : exit.obj (.data:$O1$$)
                  2000020c    00000008                                   : _lock.obj (.data:$O1$$)
                  20000214    00000006     main.obj (.data)
                  2000021a    00000002     --HOLE--
                  2000021c    00000004     rtsv7M4_T_le_v4SPD16_eabi.lib : stkdepth_vars.obj (.data)

MODULE SUMMARY

       Module                         code   ro data   rw data
       ------                         ----   -------   -------
    .\
       DIO.obj                        2608   0         0      
       EXTI.obj                       1628   0         0      
       lcd.obj                        794    0         0      
       tm4c123gh6pm_startup_ccs.obj   12     620       0      
       main.obj                       528    14        6      
       systick.obj                    48     0         0      
    +--+------------------------------+------+---------+---------+
       Total:                         5618   634       6      
                                                              
    C:\ti\ccsv7\tools\compiler\ti-cgt-arm_16.9.4.LTS\lib\rtsv7M4_T_le_v4SPD16_eabi.lib
       memcpy_t2.obj                  156    0         0      
       autoinit.obj                   112    0         0      
       copy_decompress_lzss.obj       104    0         0      
       exit.obj                       84     0         12     
       boot.obj                       84     0         0      
       ltoa.obj                       84     0         0      
       cpy_tbl.obj                    76     0         0      
       strcat.obj                     30     0         0      
       _lock.obj                      20     0         8      
       args_main.obj                  24     0         0      
       copy_decompress_none.obj       14     0         0      
       pre_init.obj                   4      0         0      
       stkdepth_vars.obj              0      0         4      
       mpu_init.obj                   2      0         0      
       startup.obj                    2      0         0      
    +--+------------------------------+------+---------+---------+
       Total:                         796    0         24     
                                                              
       Stack:                         0      0         512    
       Linker Generated:              0      36        0      
    +--+------------------------------+------+---------+---------+
       Grand Total:                   6414   670       542    


LINKER GENERATED COPY TABLES

__TI_cinit_table @ 00001ba4 records: 1, size/record: 8, table size: 8
	.data: load addr=00001b88, load size=00000014 bytes, run addr=20000200, run size=00000020 bytes, compression=lzss


LINKER GENERATED HANDLER TABLE

__TI_handler_table @ 00001b9c records: 2, size/record: 4, table size: 8
	index: 0, handler: __TI_decompress_lzss
	index: 1, handler: __TI_decompress_none


GLOBAL SYMBOLS: SORTED ALPHABETICALLY BY Name 

address   name                           
-------   ----                           
000019ed  C$$EXIT                        
0000026d  DIO_Init                       
00000b09  DIO_ReadPin                    
0000098d  DIO_WritePin                   
00000bd7  DIO_WritePort                  
00001125  EXTI_BitHandler                
00001209  EXTI_ClearBitHandler           
00000c9d  EXTI_Config                    
00001609  LCD_clearScreen                
0000144f  LCD_displayCharacter           
00001541  LCD_displayString              
000015cf  LCD_displayStringRowColumn     
000012f9  LCD_init                       
000015ef  LCD_intgerToString             
00001571  LCD_moveCursor                 
0000135d  LCD_sendCommand                
00001b6b  ResetISR                       
UNDEFED   SHT$$INIT_ARRAY$$Base          
UNDEFED   SHT$$INIT_ARRAY$$Limit         
00001659  Switchs_Handler                
00001651  SysTick_Handler                
00001ae1  Systick_Init                   
20000200  __STACK_END                    
00000200  __STACK_SIZE                   
20000200  __STACK_TOP                    
00001ba4  __TI_CINIT_Base                
00001bac  __TI_CINIT_Limit               
00001b9c  __TI_Handler_Table_Base        
00001ba4  __TI_Handler_Table_Limit       
000018c1  __TI_auto_init                 
20000200  __TI_cleanup_ptr               
00001931  __TI_decompress_lzss           
00001b5d  __TI_decompress_none           
20000204  __TI_dtors_ptr                 
20000208  __TI_enable_exit_profile_output
ffffffff  __TI_pprof_out_hndl            
ffffffff  __TI_prof_data_size            
ffffffff  __TI_prof_data_start           
00000000  __TI_static_base__             
00001825  __aeabi_memcpy                 
00001825  __aeabi_memcpy4                
00001825  __aeabi_memcpy8                
ffffffff  __binit__                      
ffffffff  __c_args__                     
00001613  __mpu_init                     
20000000  __stack                        
00001b31  _args_main                     
00001999  _c_int00                       
00000c43  _delay_ms                      
2000020c  _lock                          
00001b57  _nop                           
00001b4f  _register_lock                 
00001b49  _register_unlock               
00001b2f  _system_post_cinit             
00001b77  _system_pre_init               
20000210  _unlock                        
000019f1  abort                          
ffffffff  binit                          
00001a95  copy_in                        
20000215  count_flag                     
000019f9  exit                           
00000000  g_pfnVectors                   
20000219  hours_count                    
00001a41  ltoa                           
00001615  main                           
2000021c  main_func_sp                   
00001825  memcpy                         
20000218  minutes_count                  
20000214  previous_seconds               
20000217  seconds_count                  
20000216  status_flag                    
0000168f  stop_watch                     
00001b11  strcat                         


GLOBAL SYMBOLS: SORTED BY Symbol Address 

address   name                           
-------   ----                           
00000000  __TI_static_base__             
00000000  g_pfnVectors                   
00000200  __STACK_SIZE                   
0000026d  DIO_Init                       
0000098d  DIO_WritePin                   
00000b09  DIO_ReadPin                    
00000bd7  DIO_WritePort                  
00000c43  _delay_ms                      
00000c9d  EXTI_Config                    
00001125  EXTI_BitHandler                
00001209  EXTI_ClearBitHandler           
000012f9  LCD_init                       
0000135d  LCD_sendCommand                
0000144f  LCD_displayCharacter           
00001541  LCD_displayString              
00001571  LCD_moveCursor                 
000015cf  LCD_displayStringRowColumn     
000015ef  LCD_intgerToString             
00001609  LCD_clearScreen                
00001613  __mpu_init                     
00001615  main                           
00001651  SysTick_Handler                
00001659  Switchs_Handler                
0000168f  stop_watch                     
00001825  __aeabi_memcpy                 
00001825  __aeabi_memcpy4                
00001825  __aeabi_memcpy8                
00001825  memcpy                         
000018c1  __TI_auto_init                 
00001931  __TI_decompress_lzss           
00001999  _c_int00                       
000019ed  C$$EXIT                        
000019f1  abort                          
000019f9  exit                           
00001a41  ltoa                           
00001a95  copy_in                        
00001ae1  Systick_Init                   
00001b11  strcat                         
00001b2f  _system_post_cinit             
00001b31  _args_main                     
00001b49  _register_unlock               
00001b4f  _register_lock                 
00001b57  _nop                           
00001b5d  __TI_decompress_none           
00001b6b  ResetISR                       
00001b77  _system_pre_init               
00001b9c  __TI_Handler_Table_Base        
00001ba4  __TI_CINIT_Base                
00001ba4  __TI_Handler_Table_Limit       
00001bac  __TI_CINIT_Limit               
20000000  __stack                        
20000200  __STACK_END                    
20000200  __STACK_TOP                    
20000200  __TI_cleanup_ptr               
20000204  __TI_dtors_ptr                 
20000208  __TI_enable_exit_profile_output
2000020c  _lock                          
20000210  _unlock                        
20000214  previous_seconds               
20000215  count_flag                     
20000216  status_flag                    
20000217  seconds_count                  
20000218  minutes_count                  
20000219  hours_count                    
2000021c  main_func_sp                   
ffffffff  __TI_pprof_out_hndl            
ffffffff  __TI_prof_data_size            
ffffffff  __TI_prof_data_start           
ffffffff  __binit__                      
ffffffff  __c_args__                     
ffffffff  binit                          
UNDEFED   SHT$$INIT_ARRAY$$Base          
UNDEFED   SHT$$INIT_ARRAY$$Limit         

[73 symbols]
